06-02 14:33:26.092   14924-14924   C03933/com.flo...y/AceKeyboard  com.flowdesk.harmony  I     [(100000:100000:scope)] current focus node: (UIExtensionComponent/68). isDynamic: 0
06-02 14:33:26.092   14924-14924   C03933/com.flo...y/AceKeyboard  com.flowdesk.harmony  I     [(100000:100000:scope)] UIExtension(UIExtensionComponent/68) not need process.
06-02 14:33:26.092   14924-14924   C0392A/com.flo...sionComponent  com.flowdesk.harmony  I     [(100000:100000:scope)] [@922][ID: 1] focused state notified to uiextension, persistentid = 1134870530, componentId=68.
06-02 14:33:26.092   14924-14924   C0392A/com.flo...sionComponent  com.flowdesk.harmony  I     [(100000:100000:scope)] UIExtensionManager register listener
06-02 14:33:26.092   14924-14924   C04217/com.flow...WMSAttribute  com.flowdesk.harmony  I     GetExtensionConfig: waterfall: 0, winId: 1036
06-02 14:33:26.092   14924-14924   C04209/com.flo...rmony/WMSImms  com.flowdesk.harmony  I     GetGestureBackEnabled: win 1036 enable 1
06-02 14:33:26.092   14924-14924   C0395F/com.flo...amicComponent  com.flowdesk.harmony  I     [(100000:100000:scope)] Create UIExtensionAccessibilityChildTreeCallback
06-02 14:33:26.092   14924-14924   C0392A/com.flo...sionComponent  com.flowdesk.harmony  I     [(100000:100000:scope)] [@1859][ID: 1] UIExtension: 67 register child tree, realHostWindowId: 1036
06-02 14:33:26.092   14924-14924   C0392A/com.flo...sionComponent  com.flowdesk.harmony  I     [(100000:100000:scope)] [@2401][ID: 1] RegisterUIExtBusinessConsumeCallback businessCode=1002.
06-02 14:33:26.092   14924-14924   C0392A/com.flo...sionComponent  com.flowdesk.harmony  I     [(100000:100000:scope)] [@2401][ID: 1] RegisterUIExtBusinessConsumeCallback businessCode=1001.
06-02 14:33:26.092   14924-14924   C0392A/com.flo...sionComponent  com.flowdesk.harmony  I     [(100000:100000:scope)] [@2401][ID: 1] RegisterUIExtBusinessConsumeCallback businessCode=3002.
06-02 14:33:26.092   14924-14924   C0392A/com.flo...sionComponent  com.flowdesk.harmony  I     [(100000:100000:scope)] [@2416][ID: 1] NotifyHostWindowMode: instanceId = 100000, followStrategy = 0, mode = 1
06-02 14:33:26.103   14924-14924   C0392A/com.flo...sionComponent  com.flowdesk.harmony  I     [(100000:100000:scope)] UIExtensionSurface: isDisappearing = 0, paintRect = RectT (0.00, 0.00) - [1316.00 x 2832.00].
06-02 14:33:26.103   14924-14924   C0392A/com.flo...sionComponent  com.flowdesk.harmony  I     [(100000:100000:scope)] [@1312][ID: 1] NotifyDisplayArea displayArea=RectT (0.00, 0.00) - [1316.00 x 2832.00], curWindow=Rect (0.00, 0.00) - [1316.00 x 2832.00], reason=0, duration=0, persistentId=1134870530, componentId=68.
06-02 14:33:26.103   14924-14924   C04201/com.flo...k.harmony/DMS  com.flowdesk.harmony  E     GetScreenSession: Error found screen session with id: 18446744073709551615
06-02 14:33:26.103   14924-14924   C0392A/com.flo...sionComponent  com.flowdesk.harmony  I     [(100000:100000:scope)] [@913][ID: 1] Notify uiextension, persistentid = 1134870530 to clear the focus state, componentId=68.
06-02 14:33:26.103   14924-14924   C01406/com.flo...armony/RSNode  com.flowdesk.harmony  I     RSNode::AddChild, Id: 64098091925565, SurfaceNode:[Id: 72322954297346, name: com.huawei.hms.scanserviceScanUIExtAbility]
06-02 14:33:26.103   14924-14924   C0392A/com.flo...sionComponent  com.flowdesk.harmony  I     [(100000:100000:scope)] [@1987][ID: 1] HandleVisibleAreaChange visible: 1, curVisible: 0, ratio: 1.000000, displayArea: RectT (0.00, 0.00) - [1316.00 x 2832.00].
06-02 14:33:26.103   14924-14924   C0392A/com.flo...sionComponent  com.flowdesk.harmony  I     [(100000:100000:scope)] [@1818][ID: 1] The component is changing from 'visible' to 'visible'.
06-02 14:33:26.112   14924-14924   C0392A/com.flo...sionComponent  com.flowdesk.harmony  I     [(100000:100000:scope)] DispatchExtensionDataToHostWindow code=10002, want={"abilityName":"","action":"","bundleName":"","deviceId":"","entities":null,"flags":0,"parameters":"{}","type":"","uri":""}, persistentId=1134870530.
06-02 14:33:26.112   14924-14924   C0420D/com.flo...mony/WMSUiext  com.flowdesk.harmony  I     HandleRegisterHostWindowRectChangeListener: businessCode: 10002
06-02 14:33:26.112   14924-14924   C0420D/com.flo...mony/WMSUiext  com.flowdesk.harmony  I     HandleRegisterHostWindowRectChangeListener: persistentId: 1134870530 register rect change listener
06-02 14:33:26.128   14924-17147   C0392A/com.flo...sionComponent  com.flowdesk.harmony  I     [(100000:100000:scope)] [@1563][ID: 1] PostBusinessDataConsumeAsync, businessCode=1002.
06-02 14:33:26.128   14924-14924   C0392A/com.flo...sionComponent  com.flowdesk.harmony  I     [(100000:100000:scope)] [@2381][ID: 1] OnUIExtBusinessReceive businessCode=1002.
06-02 14:33:26.161   14924-14980   C0420A/com.flo...rmony/WMSLife  com.flowdesk.harmony  I     Foreground: [id: 1134870530] state:1, isTerminating:0
06-02 14:33:26.161   14924-15012   C0420D/com.flo...mony/WMSUiext  com.flowdesk.harmony  I     NotifyExtensionSecureLimitChange: windowId: 1036, isLimite: 1
06-02 14:33:26.161   14924-14980   C0420A/com.flo...rmony/WMSLife  com.flowdesk.harmony  I     SetActive: new active:1, id:1134870530, state:2
06-02 14:33:26.161   14924-17147   C0420A/com.flo...rmony/WMSLife  com.flowdesk.harmony  I     sessionStateChangeFunc is null
06-02 14:33:26.161   14924-17147   C0420A/com.flo...rmony/WMSLife  com.flowdesk.harmony  I     sessionStateChangeNotifyManagerFunc is null
06-02 14:33:26.161   14924-17147   C0420A/com.flo...rmony/WMSLife  com.flowdesk.harmony  I     sessionStateChangeFunc is null
06-02 14:33:26.161   14924-17147   C0420A/com.flo...rmony/WMSLife  com.flowdesk.harmony  I     sessionStateChangeNotifyManagerFunc is null
06-02 14:33:26.847   14924-15012   C0420D/com.flo...mony/WMSUiext  com.flowdesk.harmony  I     uec recv
06-02 14:33:26.848   14924-14924   C0392A/com.flo...sionComponent  com.flowdesk.harmony  I     [(-2:100000:singleton)] [@1752][ID: 1] OnReceive the current state is 'FOREGROUND'.
06-02 14:33:26.848   14924-14924   C05506/com.flo...viceExtension  com.flowdesk.harmony  I     [OnReceive:175] OnReceive enter.
06-02 14:33:26.848   14924-14924   C05506/com.flo...viceExtension  com.flowdesk.harmony  I     [OnReceive:177] OnReceive code 100
06-02 14:33:26.848   14924-14924   C05506/com.flo...viceExtension  com.flowdesk.harmony  I     [OnReceive:192] OnReceive abilityContext GetUIContent
06-02 14:33:26.848   14924-14924   C05506/com.flo...viceExtension  com.flowdesk.harmony  I     [OnReceive:203] OnReceive Update config
06-02 14:33:26.848   14924-14924   C0392A/com.flo...sionComponent  com.flowdesk.harmony  I     [(100000:100000:scope)] [com.flowdesk.harmony][entry][100000]: UpdateModalUIExtensionConfig with sessionId: 1134870530
06-02 14:33:26.848   14924-14924   C0390D/com.flo...ny/AceOverlay  com.flowdesk.harmony  I     [(100000:100000:scope)] UpdateModalUIExtensionConfig success with sessionId(1134870530)
06-02 14:33:27.422   14924-14924   C0392A/com.flo...sionComponent  com.flowdesk.harmony  I     [(-2:100000:singleton)] [@1707][ID: 1] OnResult the state is changing from 'FOREGROUND' to 'DESTRUCTION'.
06-02 14:33:27.422   14924-14924   C0392A/com.flo...sionComponent  com.flowdesk.harmony  E     [(100000:100000:scope)] [@1629][ID: 1] Modal is not destroyed after UEC is destroyed!
06-02 14:33:27.422   14924-14924   C05506/com.flo...viceExtension  com.flowdesk.harmony  I     [OnResultForModal:106] OnResultForModal begin. resultCode equals 0
06-02 14:33:27.422   14924-14924   C05506/com.flo...viceExtension  com.flowdesk.harmony  I     [OnResultForModal:131] OnResultForModal scan service succeed.
06-02 14:33:27.422   14924-14924   C05506/com.flo...anFrameworkHa  com.flowdesk.harmony  I     [Send:192] scan_hiappevent Send
06-02 14:33:27.422   14924-14924   C05506/com.flo...anFrameworkHa  com.flowdesk.harmony  I     [Init:180] scan_hiappevent Init
06-02 14:33:27.422   14924-14924   C02D07/com.flo...armony/Verify  com.flowdesk.harmony  W     invalid configName=
06-02 14:33:27.422   14924-14924   C02D07/com.flo...y/ObserverMgr  com.flowdesk.harmony  I     register processor=1 exit
06-02 14:33:27.422   14924-14924   C05506/com.flo...anFrameworkHa  com.flowdesk.harmony  I     [Init:185] scan_hiappevent Init end
06-02 14:33:27.422   14924-14924   C05506/com.flo...viceExtension  com.flowdesk.harmony  I     [SendMessageBack:275] SendMessageBack enter.
06-02 14:33:27.422   14924-14924   C05506/com.flo...viceExtension  com.flowdesk.harmony  I     [SendMessageBack:285] SendMessageBack abilityContext GetUIContent
06-02 14:33:27.422   14924-14924   C05506/com.flo...viceExtension  com.flowdesk.harmony  I     [SendMessageBack:293] SendMessageBack Close UIExtension with sessionId
06-02 14:33:27.422   14924-14924   C0392A/com.flo...sionComponent  com.flowdesk.harmony  I     [(100000:100000:scope)] [com.flowdesk.harmony][entry][100000]: close modal page, sessionId=1134870530
06-02 14:33:27.422   14924-14924   C03900/com.flo...k.harmony/Ace  com.flowdesk.harmony  W     [(100000:100000:scope)] The sessionId 1134870530 does not exist
06-02 14:33:27.422   14924-14924   C03933/com.flo...y/AceKeyboard  com.flowdesk.harmony  I     [(100000:100000:scope)] ProcessModalPageScene
06-02 14:33:27.424   14924-15012   C0420A/com.flo...rmony/WMSLife  com.flowdesk.harmony  I     Background: Background ExtensionSession, id: 1134870530, state: 3
06-02 14:33:27.424   14924-14980   C0420D/com.flo...mony/WMSUiext  com.flowdesk.harmony  I     NotifyExtensionSecureLimitChange: windowId: 1036, isLimite: 0
06-02 14:33:27.425   14924-17147   C0420A/com.flo...rmony/WMSLife  com.flowdesk.harmony  I     sessionStateChangeFunc is null
06-02 14:33:27.425   14924-17147   C0420A/com.flo...rmony/WMSLife  com.flowdesk.harmony  I     sessionStateChangeNotifyManagerFunc is null
06-02 14:33:27.425   14924-17147   C0420A/com.flo...rmony/WMSLife  com.flowdesk.harmony  I     sessionStateChangeFunc is null
06-02 14:33:27.425   14924-17147   C0420A/com.flo...rmony/WMSLife  com.flowdesk.harmony  I     sessionStateChangeNotifyManagerFunc is null
06-02 14:33:27.429   14924-14924   C03933/com.flo...y/AceKeyboard  com.flowdesk.harmony  I     [(100000:100000:scope)] across processes CloseKeyboard Successfully.
06-02 14:33:27.429   14924-14924   C03922/com.flo...AceNavigation  com.flowdesk.harmony  I     [(100000:100000:scope)] can't find inner navigation
06-02 14:33:27.429   14924-14924   C03922/com.flo...AceNavigation  com.flowdesk.harmony  I     [(100000:100000:scope)] can't find inner navigation
06-02 14:33:27.429   14924-14924   C0390D/com.flo...ny/AceOverlay  com.flowdesk.harmony  I     [(100000:100000:scope)] ModalPage node remove from parent node
06-02 14:33:27.429   14924-14924   C0391C/com.flo...mony/AceFocus  com.flowdesk.harmony  I     [(100000:100000:scope)] view: ModalPage/69 close
06-02 14:33:27.429   14924-14924   C0391C/com.flo...mony/AceFocus  com.flowdesk.harmony  I     [(100000:100000:scope)] View: ModalPage/69 lost focus
06-02 14:33:27.429   14924-14924   C0391C/com.flo...mony/AceFocus  com.flowdesk.harmony  I     [(100000:100000:scope)] UIExtensionComponent/secure_fieldtrigger onBlurInternal by 3
06-02 14:33:27.429   14924-14924   C0392A/com.flo...sionComponent  com.flowdesk.harmony  I     [(100000:100000:scope)] Blur Internal.
06-02 14:33:27.429   14924-14924   C0392A/com.flo...sionComponent  com.flowdesk.harmony  I     [(100000:100000:scope)] [@913][ID: 1] Notify uiextension, persistentid = 1134870530 to clear the focus state, componentId=68.
06-02 14:33:27.429   14924-14924   C0392A/com.flo...sionComponent  com.flowdesk.harmony  I     [(100000:100000:scope)] [@922][ID: 1] unfocused state notified to uiextension, persistentid = 1134870530, componentId=68.
06-02 14:33:27.429   14924-14924   C0392A/com.flo...sionComponent  com.flowdesk.harmony  I     [(100000:100000:scope)] [@913][ID: 1] Notify uiextension, persistentid = 1134870530 to clear the focus state, componentId=68.
06-02 14:33:27.429   14924-14924   C0392A/com.flo...sionComponent  com.flowdesk.harmony  I     [(100000:100000:scope)] [@394][ID: 1] OnDetachContext instanceId: 100000, isMoving: 0, isOnDetachContext: 0.
06-02 14:33:27.429   14924-14924   C0392A/com.flo...sionComponent  com.flowdesk.harmony  I     [(100000:100000:scope)] UIExtensionManager unregister listener
06-02 14:33:27.429   14924-14924   C0392A/com.flo...sionComponent  com.flowdesk.harmony  I     [(100000:100000:scope)] [@435][ID: 1] UnRegisterUIExtensionManagerEvent
06-02 14:33:27.429   14924-14924   C0392A/com.flo...sionComponent  com.flowdesk.harmony  I     [(100000:100000:scope)] [@1112][ID: 1] UnRegisterPipelineEvent
06-02 14:33:27.429   14924-14924   C0392A/com.flo...sionComponent  com.flowdesk.harmony  I     [(100000:100000:scope)] [@1987][ID: 1] HandleVisibleAreaChange visible: 0, curVisible: 1, ratio: 0.000000, displayArea: RectT (0.00, 0.00) - [1316.00 x 2832.00].
06-02 14:33:27.429   14924-14924   C0392A/com.flo...sionComponent  com.flowdesk.harmony  I     [(100000:100000:scope)] [@1818][ID: 1] The component is changing from 'visible' to 'invisible'.
06-02 14:33:27.429   14924-14924   C0392A/com.flo...sionComponent  com.flowdesk.harmony  I     [(100000:100000:scope)] [@289][ID: 1] OnDetachFromMainTree, isMoving: 0
06-02 14:33:27.429   14924-14924   C0392A/com.flo...sionComponent  com.flowdesk.harmony  I     [(100000:100000:scope)] Destory UIExtensionNode
06-02 14:33:27.429   14924-14924   C0392A/com.flo...sionComponent  com.flowdesk.harmony  I     [(100000:100000:scope)] [@1112][ID: 1] UnRegisterPipelineEvent
06-02 14:33:27.429   14924-14924   C0392A/com.flo...sionComponent  com.flowdesk.harmony  I     [(100000:100000:scope)] [@150][ID: 1] The modal UIExtension is destroyed.
06-02 14:33:27.429   14924-14924   C0392A/com.flo...sionComponent  com.flowdesk.harmony  I     [(100000:100000:scope)] [@183][ID: 1] LogoutModalUIExtension sessionId 1134870530.
06-02 14:33:27.429   14924-14924   C0390D/com.flo...ny/AceOverlay  com.flowdesk.harmony  I     [(100000:100000:scope)] ResetRootNode -1134870530.
06-02 14:33:27.429   14924-14924   C0392A/com.flo...sionComponent  com.flowdesk.harmony  I     [(100000:100000:scope)] [@1602][ID: 1] ModalOnDestroy the current state is 'DESTRUCTION'.
06-02 14:33:27.429   14924-14924   C05506/com.flo...viceExtension  com.flowdesk.harmony  I     [OnDestroy:213] OnDestroy enter.
06-02 14:33:27.429   14924-14924   C0392A/com.flo...sionComponent  com.flowdesk.harmony  W     [(100000:100000:scope)] [@2038][ID: 1] UIExtension pattern instanceId 100000 not equal frame node instanceId -1
06-02 14:33:27.429   14924-14924   C03900/com.flo...k.harmony/Ace  com.flowdesk.harmony  I     [(100000:100000:scope)] UIExtensionSurface: OnDetachFromFrameNode
06-02 14:33:27.429   14924-14924   C05506/com.flo...viceExtension  com.flowdesk.harmony  I     [operator():222] uv_queue_work enter
06-02 14:33:27.430   14924-14924   C05506/com.flo...viceExtension  com.flowdesk.harmony  I     [CreateResultMessage:329] CreateResultMessage exit
06-02 14:33:27.430   14924-14980   C0420A/com.flo...rmony/WMSLife  com.flowdesk.harmony  I     Disconnect: [id: 1134870530] Disconnect session, state: 5
06-02 14:33:27.431   14924-17147   C0420A/com.flo...rmony/WMSLife  com.flowdesk.harmony  I     sessionStateChangeFunc is null
06-02 14:33:27.431   14924-17147   C0420A/com.flo...rmony/WMSLife  com.flowdesk.harmony  I     sessionStateChangeNotifyManagerFunc is null
06-02 14:33:27.431   14924-17147   C0420A/com.flo...rmony/WMSLife  com.flowdesk.harmony  I     sessionStateChangeFunc is null
06-02 14:33:27.431   14924-17147   C0420A/com.flo...rmony/WMSLife  com.flowdesk.harmony  I     sessionStateChangeNotifyManagerFunc is null
06-02 14:33:27.431   14924-14924   C05506/com.flo...viceExtension  com.flowdesk.harmony  I     [operator():247] promise SUCCEED status 1
06-02 14:33:27.431   14924-14924   C05506/com.flo...viceExtension  com.flowdesk.harmony  I     [operator():264] uv_queue_work exit
06-02 14:33:27.431   14924-14924   C05506/com.flo...viceExtension  com.flowdesk.harmony  I     [~BaseContext:109] release enter
06-02 14:33:27.431   14924-14924   C05506/com.flo...viceExtension  com.flowdesk.harmony  I     [~BaseContext:112] release deferred finish
06-02 14:33:27.431   14924-14924   C05506/com.flo...viceExtension  com.flowdesk.harmony  I     [~BaseContext:119] release exit
06-02 14:33:27.431   14924-14924   C01406/com.flo...mony/OHOS::RS  com.flowdesk.harmony  I     RSSurfaceNode::~RSSurfaceNode, Node: 72322954297346, Name: com.huawei.hms.scanserviceScanUIExtAbility
06-02 14:33:27.431   14924-14924   C01406/com.flo...mony/OHOS::RS  com.flowdesk.harmony  W     RSNodeMap::UnregisterNode: node id 72322954297346 not found
06-02 14:33:27.432   14924-14924   C03926/com.flo...mony/AceTheme  com.flowdesk.harmony  W     [(-2:100000:singleton)] style ohos_shadow_pattern not contains shadow_style_default_md_radius!
06-02 14:33:27.433   14924-14924   C03926/com.flo...mony/AceTheme  com.flowdesk.harmony  W     [(100000:100000:scope)] style 125829872 not contains toast_pattern!
06-02 14:33:27.434   14924-14924   C0390D/com.flo...ny/AceOverlay  com.flowdesk.harmony  I     [(100000:100000:scope)] Toast node mount to root node
06-02 14:33:27.434   14924-14924   C03900/com.flo...k.harmony/Ace  com.flowdesk.harmony  I     [(100000:100000:scope)] Put node level order. nodeId: 72, levelOrder: 0.000000
06-02 14:33:27.434   14924-14924   C0390D/com.flo...ny/AceOverlay  com.flowdesk.harmony  I     [(100000:100000:scope)] open toast animation enter, containerId:100000
06-02 14:33:27.435   14924-14924   C0392C/com.flo...ny/AceForEach  com.flowdesk.harmony  I     [(100000:100000:scope)] ForEachNode skip mark dirty. Id[16], Ids.size[1]
06-02 14:33:27.436   14924-14980   C03F00/com.flo...mony/ArkEtsVm  com.flowdesk.harmony  I     [nodict][a92abb7935e41b7 0 0]gc: App cold start finished
06-02 14:33:27.436   14924-14924   C03914/com.flow...AceTextField  com.flowdesk.harmony  I     [(100000:100000:scope)] textfield 75 Keyboard type -1 changed to 2
06-02 14:33:27.437   14924-14924   C05302/com.flow...Hint_To_Type  com.flowdesk.harmony  I     Output types: 0
06-02 14:33:27.440   14924-14924   C03926/com.flo...mony/AceTheme  com.flowdesk.harmony  W     [(100000:100000:scope)] style 125829872 not contains dialog_pattern!
06-02 14:33:27.442   14924-14924   C03926/com.flo...mony/AceTheme  com.flowdesk.harmony  W     [(100000:100000:scope)] style dialog_pattern not contains shadow_dialog!
06-02 14:33:27.442   14924-14924   C03926/com.flo...mony/AceTheme  com.flowdesk.harmony  W     [(100000:100000:scope)] style dialog_pattern not contains button_bottom_top_margin!
06-02 14:33:27.442   14924-14924   C03926/com.flo...mony/AceTheme  com.flowdesk.harmony  W     [(100000:100000:scope)] style dialog_pattern not contains title_padding_horizontal!
06-02 14:33:27.442   14924-14924   C03926/com.flo...mony/AceTheme  com.flowdesk.harmony  W     [(100000:100000:scope)] style dialog_pattern not contains title_text_font_weight!
06-02 14:33:27.442   14924-14924   C03926/com.flo...mony/AceTheme  com.flowdesk.harmony  W     [(100000:100000:scope)] style dialog_pattern not contains dialog_button_border_radius!
06-02 14:33:27.442   14924-14924   C03926/com.flo...mony/AceTheme  com.flowdesk.harmony  W     [(100000:100000:scope)] style dialog_pattern not contains dialog_content_top_padding!
06-02 14:33:27.442   14924-14924   C03926/com.flo...mony/AceTheme  com.flowdesk.harmony  W     [(100000:100000:scope)] style dialog_pattern get attr dialog_padding_actions_left error!
06-02 14:33:27.442   14924-14924   C03926/com.flo...mony/AceTheme  com.flowdesk.harmony  W     [(100000:100000:scope)] style dialog_pattern get attr dialog_padding_actions_top error!
06-02 14:33:27.442   14924-14924   C03926/com.flo...mony/AceTheme  com.flowdesk.harmony  W     [(100000:100000:scope)] style dialog_pattern get attr dialog_padding_actions_right error!
06-02 14:33:27.442   14924-14924   C03926/com.flo...mony/AceTheme  com.flowdesk.harmony  W     [(100000:100000:scope)] style dialog_pattern get attr dialog_padding_actions_bottom error!
06-02 14:33:27.443   14924-14924   C01406/com.flo...mony/OHOS::RS  com.flowdesk.harmony  E     Failed to attach property, property is null.
06-02 14:33:27.443   14924-14924   C01406/com.flo...mony/OHOS::RS  com.flowdesk.harmony  E     Failed to attach property, property is null.
06-02 14:33:27.443   14924-14924   C01406/com.flo...mony/OHOS::RS  com.flowdesk.harmony  E     Failed to attach property, property is null.
06-02 14:33:27.443   14924-14924   C01406/com.flo...mony/OHOS::RS  com.flowdesk.harmony  E     Failed to attach property, property is null.
06-02 14:33:27.443   14924-14924   C0391C/com.flo...mony/AceFocus  com.flowdesk.harmony  I     [(100000:100000:scope)] Request focus on focusView: page/2.
06-02 14:33:27.443   14924-14924   C0391C/com.flo...mony/AceFocus  com.flowdesk.harmony  I     [(100000:100000:scope)] FocusSwitch end, NULL/secure_field onBlur, Stack/secure_field onFocus, start: 2, end: 1, update: 2
06-02 14:33:27.444   14924-14924   C03933/com.flo...y/AceKeyboard  com.flowdesk.harmony  I     [(100000:100000:scope)] current focus node: (Stack/5). isDynamic: 0
06-02 14:33:27.444   14924-14924   C03933/com.flo...y/AceKeyboard  com.flowdesk.harmony  I     [(100000:100000:scope)] FrameNode(Stack/5) notNeedSoftKeyboard.
06-02 14:33:27.445   14924-15012   C057C2/com.flo...PCObjectProxy  com.flowdesk.harmony  I     hd:31 ct:1 D:*.IWindowEventChannel
06-02 14:33:27.445   14924-15012   C0420D/com.flo...mony/WMSUiext  com.flowdesk.harmony  I     ~ExtensionSession: id=1134870530
06-02 14:33:27.445   14924-15012   C0420A/com.flo...rmony/WMSLife  com.flowdesk.harmony  I     ~Session: id:1134870530
06-02 14:33:27.491   14924-14924   C01560/com.flo...WifiNAPIUtils  com.flowdesk.harmony  I     Call wifi func: GetIpInfo (start)
06-02 14:33:27.491   14924-14924   C01560/com.flo...WifiNAPIUtils  com.flowdesk.harmony  I     Call wifi func: GetIpInfo (end), time cost:431us, 0ms
06-02 14:33:27.493   14924-14924   C015B0/com.flo...mony/NETSTACK  com.flowdesk.harmony  E     [socket_exec.cpp:565] get TFO failed, fd=56, errno=95
06-02 14:33:27.494   14924-14924   C015B0/com.flo...mony/NETSTACK  com.flowdesk.harmony  E     [socket_exec.cpp:565] get TFO failed, fd=56, errno=95
06-02 14:33:28.183   14924-14924   C02805/com.flow...InputKeyFlow  com.flowdesk.harmony  I     [P:D:732920|247]ac: down: 732920
06-02 14:33:28.183   14924-14924   C02805/com.flow...InputKeyFlow  com.flowdesk.harmony  I     [P:D:732920|649]recv
06-02 14:33:28.183   14924-14924   C04213/com.flow...InputKeyFlow  com.flowdesk.harmony  I     HandleInputEvent: eid:6,InputId:732920,wid:1036,ac:2
06-02 14:33:28.187   14924-14924   C03951/com.flow...InputKeyFlow  com.flowdesk.harmony  I     [(100000:100000:scope)] ITK Id:732920, fId:0, T:0, I=0, M=0
06-02 14:33:28.191   14924-14924   C03905/com.flo...rmony/AceDrag  com.flowdesk.harmony  I     [(100000:100000:scope)] No need to collect drag gestures result, text is not selected.
06-02 14:33:28.191   14924-14924   C03905/com.flo...rmony/AceDrag  com.flowdesk.harmony  I     [(100000:100000:scope)] No need to collect drag gestures result, text is not selected.
06-02 14:33:28.191   14924-14924   C03951/com.flow...InputKeyFlow  com.flowdesk.harmony  I     [(100000:100000:scope)] ITK Id:732920, TTHNI:fId: 0{ T: Column, D: 7 };{ T: TextInput, D: 11 };
06-02 14:33:28.191   14924-14924   C03951/com.flow...InputKeyFlow  com.flowdesk.harmony  I     [(100000:100000:scope)] ITK Id:732920, TTHRTI: T ClickRecognizer info: { T: TextInput }; { T: Column };T LongPressRecognizer info: { T: TextInput };T PanRecognizer info: { T: TextInput };
06-02 14:33:28.193   14924-14924   C03919/com.flo...InputTracking  com.flowdesk.harmony  I     [(100000:100000:scope)] Consumed id:732920, last id:732918
06-02 14:33:28.193   14924-14924   C04213/com.flow...InputKeyFlow  com.flowdesk.harmony  I     ConsumePointerEventInner: InputId:732920,wid:1036,pointId:0,srcType:2,rect:[0,0,1316,2832],notify:1
06-02 14:33:28.193   14924-14924   C02805/com.flow...InputKeyFlow  com.flowdesk.harmony  I     [P:M:732921|247]ac: move: 732921
06-02 14:33:28.257   14924-14924   C02805/com.flow...InputKeyFlow  com.flowdesk.harmony  I     [P:U:732932|247]ac: move, first: 732922-(2026-06-02 14:33:28.193ms), 732931, count: 10, last: ac: up: 732932
06-02 14:33:28.257   14924-14924   C02805/com.flow...InputKeyFlow  com.flowdesk.harmony  I     [P:U:732932|649]recv
06-02 14:33:28.258   14924-14924   C04213/com.flow...InputKeyFlow  com.flowdesk.harmony  I     HandleInputEvent: eid:7,InputId:732932,wid:1036,ac:4
06-02 14:33:28.260   14924-14924   C03951/com.flow...InputKeyFlow  com.flowdesk.harmony  I     [(100000:100000:scope)] ITK Id:732932, fId:0, T:1, I=0, M=0
06-02 14:33:28.260   14924-14924   C03934/com.flo...ny/AceUIEvent  com.flowdesk.harmony  I     [(100000:100000:scope)] TpFlush end by up event
06-02 14:33:28.260   14924-14924   C0391E/com.flo...ny/AceGesture  com.flowdesk.harmony  I     [(100000:100000:scope)] Click try accept TextInput
06-02 14:33:28.260   14924-14924   C03951/com.flow...InputKeyFlow  com.flowdesk.harmony  I     [(100000:100000:scope)] CLK RACC, T: TextInput
06-02 14:33:28.261   14924-14924   C03914/com.flow...AceTextField  com.flowdesk.harmony  I     [(100000:100000:scope)] textfield 75 request focus currently
06-02 14:33:28.261   14924-14924   C03914/com.flow...AceTextField  com.flowdesk.harmony  I     [(100000:100000:scope)] 75 Request Focus With Reason Click
06-02 14:33:28.261   14924-14924   C0391C/com.flo...mony/AceFocus  com.flowdesk.harmony  I     [(100000:100000:scope)] TextInput/secure_field RequestFocusImmediately isOnMainTree:1
06-02 14:33:28.261   14924-14924   C03914/com.flow...AceTextField  com.flowdesk.harmony  I     [(100000:100000:scope)] TextField 75 on focus
06-02 14:33:28.261   14924-14924   C03914/com.flow...AceTextField  com.flowdesk.harmony  I     [(100000:100000:scope)] Set needToRequestKeyboardInner_ to 1 : reason 2
06-02 14:33:28.263   14924-14924   C05302/com.flow...Hint_To_Type  com.flowdesk.harmony  I     Output types: 0
06-02 14:33:28.265   14924-14924   C03914/com.flow...AceTextField  com.flowdesk.harmony  I     [(100000:100000:scope)] 75 RequestKeyboardByFocusSwitch: onFocus_: 1 Inner: 1 modalCovered: 0
06-02 14:33:28.265   14924-14924   C03914/com.flow...AceTextField  com.flowdesk.harmony  I     [(100000:100000:scope)] 75 add requestkeyboard task
06-02 14:33:28.265   14924-14924   C0391C/com.flo...mony/AceFocus  com.flowdesk.harmony  I     [(100000:100000:scope)] FocusSwitch end, Stack/secure_field onBlur, TextInput/secure_field onFocus, start: 2, end: 1, update: 2
06-02 14:33:28.265   14924-14924   C03933/com.flo...y/AceKeyboard  com.flowdesk.harmony  I     [(100000:100000:scope)] current focus node: (TextInput/75). isDynamic: 0
06-02 14:33:28.265   14924-14924   C03912/com.flow...AceTextInput  com.flowdesk.harmony  I     [(100000:100000:scope)] NeedAIAnalysis type is 0,return!
06-02 14:33:28.265   14924-14924   C03914/com.flow...AceTextField  com.flowdesk.harmony  I     [(100000:100000:scope)] DoProcessAutoFill
06-02 14:33:28.265   14924-14924   C03932/com.flo...y/AceAutoFill  com.flowdesk.harmony  I     [(100000:100000:scope)] ProcessAutoFillAndKeyboard, autoFillReason:1
06-02 14:33:28.265   14924-14924   C05302/com.flow...Hint_To_Type  com.flowdesk.harmony  I     Output types: 0
06-02 14:33:28.266   14924-14924   C03932/com.flo...y/AceAutoFill  com.flowdesk.harmony  I     [(100000:100000:scope)] don't need to auto fill.
06-02 14:33:28.266   14924-14924   C03914/com.flow...AceTextField  com.flowdesk.harmony  I     [(100000:100000:scope)] 75 requestKeyboard With Reason SingleClick, sourceType 2
06-02 14:33:28.266   14924-14924   C03914/com.flow...AceTextField  com.flowdesk.harmony  I     [(100000:100000:scope)] gradientMode = 0 fluidLightMode = 0
06-02 14:33:28.266   14924-14924   C03914/com.flow...AceTextField  com.flowdesk.harmony  I     [(100000:100000:scope)] node:75, RequestKeyboard set calling window id:1036 inputType:2, enterKeyType:6, needKeyboard:1, sourceType:2 placeholderLength:5
06-02 14:33:28.266   14924-14924   C01C10/com.flo...rmony/ImsaKit  com.flowdesk.harmony  I     line: 361, function: AttachExec,isShowKeyboard 1.
06-02 14:33:28.277   14924-14924   C01C10/com.flo...rmony/ImsaKit  com.flowdesk.harmony  I     line: 1308, function: OnInputReady,InputMethodController start.
06-02 14:33:28.277   14924-14924   C01C10/com.flo...rmony/ImsaKit  com.flowdesk.harmony  I     line: 406, function: AttachExec,bind imf successfully.
06-02 14:33:28.278   14924-14924   C03914/com.flow...AceTextField  com.flowdesk.harmony  I     [(100000:100000:scope)] gradientMode = 0 fluidLightMode = 0
06-02 14:33:28.278   14924-14924   C01C10/com.flo...rmony/ImsaKit  com.flowdesk.harmony  I     line: 887, function: OnCursorUpdate,left: 140, top: 2197, height: 66.
06-02 14:33:28.278   14924-14924   C01C10/com.flo...rmony/ImsaKit  com.flowdesk.harmony  I     line: 922, function: OnSelectionChange,IMC size: 0, range: 0/0/0/0.
06-02 14:33:28.278   14924-14924   C03914/com.flow...AceTextField  com.flowdesk.harmony  I     [(100000:100000:scope)] UpdateCaretInfoToController, left 140.000000, top 2197.000000, width 7.000000, height 66.000000, selectController_ Start 0, end 0
06-02 14:33:28.278   14924-14924   C03919/com.flo...InputTracking  com.flowdesk.harmony  I     [(100000:100000:scope)] Consumed id:732932, last id:732931
06-02 14:33:28.278   14924-14924   C04213/com.flow...InputKeyFlow  com.flowdesk.harmony  I     ConsumePointerEventInner: InputId:732932,wid:1036,pointId:0,srcType:2,rect:[0,0,1316,2832],notify:1
06-02 14:33:28.278   14924-14924   C03914/com.flow...AceTextField  com.flowdesk.harmony  I     [(100000:100000:scope)] gradientMode = 0 fluidLightMode = 0
06-02 14:33:28.278   14924-14924   C03914/com.flow...AceTextField  com.flowdesk.harmony  I     [(100000:100000:scope)] Already call close/attach before attach, no need attach this time
06-02 14:33:28.331   14924-15012   C03914/com.flow...AceTextField  com.flowdesk.harmony  I     [(-1:100000:singleton)] SendKeyboardStatus status: 2
06-02 14:33:28.331   14924-15012   C03914/com.flow...AceTextField  com.flowdesk.harmony  I     [(-1:100000:singleton)] SetKeyboardStatus status: 1
06-02 14:33:28.336   14924-14924   C03914/com.flow...AceTextField  com.flowdesk.harmony  I     [(-1:100000:singleton)] NotifyPanelStatusInfo SetImeShow:1
06-02 14:33:28.353   14924-14924   C0420B/com.flo...y/WMSKeyboard  com.flowdesk.harmony  I     transaction: 1, safeHeight: 1099, occupied rect: x 0, y 1733, w 1316, h 1099, callingWindowRect: [0 0 1316 2832]
06-02 14:33:28.353   14924-14924   C01406/com.flo...mony/OHOS::RS  com.flowdesk.harmony  I     BeginSyncTransaction syncId:13245679141513
06-02 14:33:28.354   14924-14924   C03959/com.flo...ony/AceLayout  com.flowdesk.harmony  I     [(-2:100000:singleton)] [com.flowdesk.harmony][entry][100000]: UpdateViewportConfig Viewport config: size: (1316, 2832) orientation: 0 density: 3.500000 position: (0, 0) transformHint: 0 displayId: 0, windowSizeChangeReason 34, is rsTransaction nullptr 1, updateAvoidAreas size: 5[(0,top [0 0 1316 136] )(1,top [512 37 292 83] )(2,empty)(3,empty)(4,bottom [427 2734 462 98] )], keyboardRect Rect (0.00, 1733.00) - [1316.00 x 1099.00]
06-02 14:33:28.354   14924-14924   C04208/com.flo...ony/WMSLayout  com.flowdesk.harmony  I     UpdateViewportConfig: Id: 1036, reason: 34, windowRect: [0 0 1316 2832], displayOrientation: 0, config[0, 0, 0, 3.500000]
06-02 14:33:28.354   14924-14924   C01406/com.flo...mony/OHOS::RS  com.flowdesk.harmony  I     CommitSyncTransaction syncId:13245679141513 syncCount: 0 parentPid: 3084
06-02 14:33:28.354   14924-14924   C01406/com.flo...mony/OHOS::RS  com.flowdesk.harmony  I     ResetSyncTransactionInfo syncId:13245679141513
06-02 14:33:28.354   14924-14924   C0390D/com.flo...ny/AceOverlay  com.flowdesk.harmony  W     [(100000:100000:scope)] failed to get foldCreaseRegion
06-02 14:33:28.354   14924-14924   C0390D/com.flo...ny/AceOverlay  com.flowdesk.harmony  W     [(100000:100000:scope)] failed to get foldCreaseRegion
06-02 14:33:28.354   14924-14924   C03933/com.flo...y/AceKeyboard  com.flowdesk.harmony  I     [(100000:100000:scope)] origin positionY: 2125.000000, height 222.000000
06-02 14:33:28.354   14924-14924   C03933/com.flo...y/AceKeyboard  com.flowdesk.harmony  I     [(100000:100000:scope)] keyboardHeight: 1099.000000, positionY: 2197.000000, textHeight: 150.000000, rootSize.Height() 2832.000000 adjust: 0.000000 final calculate keyboard offset is -614.000000
06-02 14:33:28.355   14924-14924   C0390D/com.flo...ny/AceOverlay  com.flowdesk.harmony  W     [(100000:100000:scope)] failed to get foldCreaseRegion
06-02 14:33:28.356   14924-14924   C04209/com.flo...rmony/WMSImms  com.flowdesk.harmony  I     NotifyAvoidAreaChange: win 1036 api 23 type 3 area bottom [0 1733 1316 1099] 
06-02 14:33:28.356   14924-14924   C04208/com.flo...ony/WMSLayout  com.flowdesk.harmony  I     UpdateViewportConfig: Id: 1036, reason: 23, windowRect: [0 0 1316 2832], displayOrientation: 0, config[0, 0, 0, 3.500000]
06-02 14:33:29.058   14924-14924   C0390D/com.flo...ny/AceOverlay  com.flowdesk.harmony  I     [(100000:100000:scope)] pop toast enter
06-02 14:33:29.058   14924-14924   C03900/com.flo...k.harmony/Ace  com.flowdesk.harmony  I     [(100000:100000:scope)] Pop node level order. nodeId: 72, levelOrder: 0.000000
06-02 14:33:29.156   14924-14924   C0390D/com.flo...ny/AceOverlay  com.flowdesk.harmony  I     [(100000:100000:scope)] toast remove from root
06-02 14:33:29.254   14924-15012   C03914/com.flow...AceTextField  com.flowdesk.harmony  I     [(-1:100000:singleton)] InsertText length:1
06-02 14:33:29.254   14924-14924   C03914/com.flow...AceTextField  com.flowdesk.harmony  I     [(100000:100000:scope)] AddInsertCommand len: 1 reason: 1
06-02 14:33:29.255   14924-14924   C0390D/com.flo...ny/AceOverlay  com.flowdesk.harmony  W     [(100000:100000:scope)] failed to get foldCreaseRegion
06-02 14:33:29.255   14924-14924   C03914/com.flow...AceTextField  com.flowdesk.harmony  I     [(100000:100000:scope)] AddInsertCommand MarkDirtyNode 75, reason: 1
06-02 14:33:29.268   14924-14924   C03912/com.flow...AceTextInput  com.flowdesk.harmony  I     [(100000:100000:scope)] after move, handleRect.GetX():102.900070,handleRect.GetY():48.000000
06-02 14:33:29.269   14924-14924   C03914/com.flow...AceTextField  com.flowdesk.harmony  I     [(100000:100000:scope)] gradientMode = 0 fluidLightMode = 0
06-02 14:33:29.269   14924-14924   C01C10/com.flo...rmony/ImsaKit  com.flowdesk.harmony  I     line: 887, function: OnCursorUpdate,left: 186, top: 1559, height: 114.
06-02 14:33:29.269   14924-14924   C01C10/com.flo...rmony/ImsaKit  com.flowdesk.harmony  I     line: 922, function: OnSelectionChange,IMC size: 1, range: 0/0/1/1.
06-02 14:33:29.269   14924-14924   C03914/com.flow...AceTextField  com.flowdesk.harmony  I     [(100000:100000:scope)] UpdateCaretInfoToController, left 186.900070, top 1559.000000, width 7.000000, height 114.000000, selectController_ Start 1, end 1
06-02 14:33:29.269   14924-14924   C03914/com.flow...AceTextField  com.flowdesk.harmony  I     [(100000:100000:scope)] On change previewText, len:0, index:<private>
06-02 14:33:29.270   14924-14924   C03914/com.flow...AceTextField  com.flowdesk.harmony  I     [(100000:100000:scope)] addedLen=1, removedLen=0
06-02 14:33:29.270   14924-14924   C0390D/com.flo...ny/AceOverlay  com.flowdesk.harmony  W     [(100000:100000:scope)] failed to get foldCreaseRegion
06-02 14:33:29.279   14924-14924   C05302/com.flow...Hint_To_Type  com.flowdesk.harmony  I     Output types: 0
06-02 14:33:29.283   14924-14924   C03912/com.flow...AceTextInput  com.flowdesk.harmony  I     [(100000:100000:scope)] after move, handleRect.GetX():102.900070,handleRect.GetY():48.000000
06-02 14:33:29.283   14924-14924   C03914/com.flow...AceTextField  com.flowdesk.harmony  I     [(100000:100000:scope)] gradientMode = 0 fluidLightMode = 0
06-02 14:33:29.414   14924-15012   C03914/com.flow...AceTextField  com.flowdesk.harmony  I     [(-1:100000:singleton)] InsertText length:1
06-02 14:33:29.414   14924-14924   C03914/com.flow...AceTextField  com.flowdesk.harmony  I     [(100000:100000:scope)] AddInsertCommand len: 1 reason: 1
06-02 14:33:29.415   14924-14924   C0390D/com.flo...ny/AceOverlay  com.flowdesk.harmony  W     [(100000:100000:scope)] failed to get foldCreaseRegion
06-02 14:33:29.415   14924-14924   C03914/com.flow...AceTextField  com.flowdesk.harmony  I     [(100000:100000:scope)] AddInsertCommand MarkDirtyNode 75, reason: 1
06-02 14:33:29.420   14924-14924   C03912/com.flow...AceTextInput  com.flowdesk.harmony  I     [(100000:100000:scope)] after move, handleRect.GetX():153.300140,handleRect.GetY():48.000000
06-02 14:33:29.420   14924-14924   C03914/com.flow...AceTextField  com.flowdesk.harmony  I     [(100000:100000:scope)] gradientMode = 0 fluidLightMode = 0
06-02 14:33:29.420   14924-14924   C01C10/com.flo...rmony/ImsaKit  com.flowdesk.harmony  I     line: 887, function: OnCursorUpdate,left: 237, top: 1559, height: 114.
06-02 14:33:29.420   14924-14924   C01C10/com.flo...rmony/ImsaKit  com.flowdesk.harmony  I     line: 922, function: OnSelectionChange,IMC size: 2, range: 1/1/2/2.
06-02 14:33:29.421   14924-14924   C03914/com.flow...AceTextField  com.flowdesk.harmony  I     [(100000:100000:scope)] UpdateCaretInfoToController, left 237.300140, top 1559.000000, width 7.000000, height 114.000000, selectController_ Start 2, end 2
06-02 14:33:29.421   14924-14924   C03914/com.flow...AceTextField  com.flowdesk.harmony  I     [(100000:100000:scope)] On change previewText, len:0, index:<private>
06-02 14:33:29.421   14924-14924   C03914/com.flow...AceTextField  com.flowdesk.harmony  I     [(100000:100000:scope)] addedLen=1, removedLen=0
06-02 14:33:29.421   14924-14924   C0390D/com.flo...ny/AceOverlay  com.flowdesk.harmony  W     [(100000:100000:scope)] failed to get foldCreaseRegion
06-02 14:33:29.434   14924-14924   C05302/com.flow...Hint_To_Type  com.flowdesk.harmony  I     Output types: 0
06-02 14:33:29.437   14924-14924   C03912/com.flow...AceTextInput  com.flowdesk.harmony  I     [(100000:100000:scope)] after move, handleRect.GetX():153.300140,handleRect.GetY():48.000000
06-02 14:33:29.437   14924-14924   C03914/com.flow...AceTextField  com.flowdesk.harmony  I     [(100000:100000:scope)] gradientMode = 0 fluidLightMode = 0
06-02 14:33:29.492   14924-14924   C01560/com.flo...WifiNAPIUtils  com.flowdesk.harmony  I     Call wifi func: GetIpInfo (start)
06-02 14:33:29.493   14924-14924   C01560/com.flo...WifiNAPIUtils  com.flowdesk.harmony  I     Call wifi func: GetIpInfo (end), time cost:521us, 0ms
06-02 14:33:29.494   14924-14924   C015B0/com.flo...mony/NETSTACK  com.flowdesk.harmony  E     [socket_exec.cpp:565] get TFO failed, fd=56, errno=95
06-02 14:33:29.496   14924-14924   C015B0/com.flo...mony/NETSTACK  com.flowdesk.harmony  E     [socket_exec.cpp:565] get TFO failed, fd=56, errno=95
06-02 14:33:29.567   14924-15012   C03914/com.flow...AceTextField  com.flowdesk.harmony  I     [(-1:100000:singleton)] InsertText length:1
06-02 14:33:29.567   14924-14924   C03914/com.flow...AceTextField  com.flowdesk.harmony  I     [(100000:100000:scope)] AddInsertCommand len: 1 reason: 1
06-02 14:33:29.568   14924-14924   C0390D/com.flo...ny/AceOverlay  com.flowdesk.harmony  W     [(100000:100000:scope)] failed to get foldCreaseRegion
06-02 14:33:29.568   14924-14924   C03914/com.flow...AceTextField  com.flowdesk.harmony  I     [(100000:100000:scope)] AddInsertCommand MarkDirtyNode 75, reason: 1
06-02 14:33:29.575   14924-14924   C03912/com.flow...AceTextInput  com.flowdesk.harmony  I     [(100000:100000:scope)] after move, handleRect.GetX():203.700211,handleRect.GetY():48.000000
06-02 14:33:29.576   14924-14924   C03914/com.flow...AceTextField  com.flowdesk.harmony  I     [(100000:100000:scope)] gradientMode = 0 fluidLightMode = 0
06-02 14:33:29.576   14924-14924   C01C10/com.flo...rmony/ImsaKit  com.flowdesk.harmony  I     line: 887, function: OnCursorUpdate,left: 287, top: 1559, height: 114.
06-02 14:33:29.576   14924-14924   C01C10/com.flo...rmony/ImsaKit  com.flowdesk.harmony  I     line: 922, function: OnSelectionChange,IMC size: 3, range: 2/2/3/3.
06-02 14:33:29.576   14924-14924   C03914/com.flow...AceTextField  com.flowdesk.harmony  I     [(100000:100000:scope)] UpdateCaretInfoToController, left 287.700211, top 1559.000000, width 7.000000, height 114.000000, selectController_ Start 3, end 3
06-02 14:33:29.576   14924-14924   C03914/com.flow...AceTextField  com.flowdesk.harmony  I     [(100000:100000:scope)] On change previewText, len:0, index:<private>
06-02 14:33:29.576   14924-14924   C03914/com.flow...AceTextField  com.flowdesk.harmony  I     [(100000:100000:scope)] addedLen=1, removedLen=0
06-02 14:33:29.576   14924-14924   C0390D/com.flo...ny/AceOverlay  com.flowdesk.harmony  W     [(100000:100000:scope)] failed to get foldCreaseRegion
06-02 14:33:29.590   14924-14924   C05302/com.flow...Hint_To_Type  com.flowdesk.harmony  I     Output types: 0
06-02 14:33:29.593   14924-14924   C03912/com.flow...AceTextInput  com.flowdesk.harmony  I     [(100000:100000:scope)] after move, handleRect.GetX():203.700211,handleRect.GetY():48.000000
06-02 14:33:29.593   14924-14924   C03914/com.flow...AceTextField  com.flowdesk.harmony  I     [(100000:100000:scope)] gradientMode = 0 fluidLightMode = 0
06-02 14:33:29.763   14924-15012   C03F00/com.flo...mony/ArkEtsVm  com.flowdesk.harmony  I     [nodict][a92ab079383fd45 0 0]gc: App cold start finished
06-02 14:33:30.743   14924-15012   C03914/com.flow...AceTextField  com.flowdesk.harmony  I     [(-1:100000:singleton)] InsertText length:1
06-02 14:33:30.743   14924-14924   C03914/com.flow...AceTextField  com.flowdesk.harmony  I     [(100000:100000:scope)] AddInsertCommand len: 1 reason: 1
06-02 14:33:30.744   14924-14924   C0390D/com.flo...ny/AceOverlay  com.flowdesk.harmony  W     [(100000:100000:scope)] failed to get foldCreaseRegion
06-02 14:33:30.744   14924-14924   C03914/com.flow...AceTextField  com.flowdesk.harmony  I     [(100000:100000:scope)] AddInsertCommand MarkDirtyNode 75, reason: 1
06-02 14:33:30.752   14924-14924   C03912/com.flow...AceTextInput  com.flowdesk.harmony  I     [(100000:100000:scope)] after move, handleRect.GetX():254.100281,handleRect.GetY():48.000000
06-02 14:33:30.752   14924-14924   C03914/com.flow...AceTextField  com.flowdesk.harmony  I     [(100000:100000:scope)] gradientMode = 0 fluidLightMode = 0
06-02 14:33:30.752   14924-14924   C01C10/com.flo...rmony/ImsaKit  com.flowdesk.harmony  I     line: 887, function: OnCursorUpdate,left: 338, top: 1559, height: 114.
06-02 14:33:30.752   14924-14924   C01C10/com.flo...rmony/ImsaKit  com.flowdesk.harmony  I     line: 922, function: OnSelectionChange,IMC size: 4, range: 3/3/4/4.
06-02 14:33:30.752   14924-14924   C03914/com.flow...AceTextField  com.flowdesk.harmony  I     [(100000:100000:scope)] UpdateCaretInfoToController, left 338.100281, top 1559.000000, width 7.000000, height 114.000000, selectController_ Start 4, end 4
06-02 14:33:30.752   14924-14924   C03914/com.flow...AceTextField  com.flowdesk.harmony  I     [(100000:100000:scope)] On change previewText, len:0, index:<private>
06-02 14:33:30.752   14924-14924   C03914/com.flow...AceTextField  com.flowdesk.harmony  I     [(100000:100000:scope)] addedLen=1, removedLen=0
06-02 14:33:30.753   14924-14924   C0390D/com.flo...ny/AceOverlay  com.flowdesk.harmony  W     [(100000:100000:scope)] failed to get foldCreaseRegion
06-02 14:33:30.766   14924-14924   C05302/com.flow...Hint_To_Type  com.flowdesk.harmony  I     Output types: 0
06-02 14:33:30.770   14924-14924   C03912/com.flow...AceTextInput  com.flowdesk.harmony  I     [(100000:100000:scope)] after move, handleRect.GetX():254.100281,handleRect.GetY():48.000000
06-02 14:33:30.770   14924-14924   C03914/com.flow...AceTextField  com.flowdesk.harmony  I     [(100000:100000:scope)] gradientMode = 0 fluidLightMode = 0
06-02 14:33:30.913   14924-15012   C03914/com.flow...AceTextField  com.flowdesk.harmony  I     [(-1:100000:singleton)] InsertText length:1
06-02 14:33:30.914   14924-14924   C03914/com.flow...AceTextField  com.flowdesk.harmony  I     [(100000:100000:scope)] AddInsertCommand len: 1 reason: 1
06-02 14:33:30.914   14924-14924   C0390D/com.flo...ny/AceOverlay  com.flowdesk.harmony  W     [(100000:100000:scope)] failed to get foldCreaseRegion
06-02 14:33:30.914   14924-14924   C03914/com.flow...AceTextField  com.flowdesk.harmony  I     [(100000:100000:scope)] AddInsertCommand MarkDirtyNode 75, reason: 1
06-02 14:33:30.918   14924-14924   C03912/com.flow...AceTextInput  com.flowdesk.harmony  I     [(100000:100000:scope)] after move, handleRect.GetX():304.500366,handleRect.GetY():48.000000
06-02 14:33:30.918   14924-14924   C03914/com.flow...AceTextField  com.flowdesk.harmony  I     [(100000:100000:scope)] gradientMode = 0 fluidLightMode = 0
06-02 14:33:30.918   14924-14924   C01C10/com.flo...rmony/ImsaKit  com.flowdesk.harmony  I     line: 887, function: OnCursorUpdate,left: 388, top: 1559, height: 114.
06-02 14:33:30.918   14924-14924   C01C10/com.flo...rmony/ImsaKit  com.flowdesk.harmony  I     line: 922, function: OnSelectionChange,IMC size: 5, range: 4/4/5/5.
06-02 14:33:30.918   14924-14924   C03914/com.flow...AceTextField  com.flowdesk.harmony  I     [(100000:100000:scope)] UpdateCaretInfoToController, left 388.500366, top 1559.000000, width 7.000000, height 114.000000, selectController_ Start 5, end 5
06-02 14:33:30.918   14924-14924   C03914/com.flow...AceTextField  com.flowdesk.harmony  I     [(100000:100000:scope)] On change previewText, len:0, index:<private>
06-02 14:33:30.918   14924-14924   C03914/com.flow...AceTextField  com.flowdesk.harmony  I     [(100000:100000:scope)] addedLen=1, removedLen=0
06-02 14:33:30.919   14924-14924   C0390D/com.flo...ny/AceOverlay  com.flowdesk.harmony  W     [(100000:100000:scope)] failed to get foldCreaseRegion
06-02 14:33:30.930   14924-14924   C05302/com.flow...Hint_To_Type  com.flowdesk.harmony  I     Output types: 0
06-02 14:33:30.931   14924-14924   C03912/com.flow...AceTextInput  com.flowdesk.harmony  I     [(100000:100000:scope)] after move, handleRect.GetX():304.500366,handleRect.GetY():48.000000
06-02 14:33:30.932   14924-14924   C03914/com.flow...AceTextField  com.flowdesk.harmony  I     [(100000:100000:scope)] gradientMode = 0 fluidLightMode = 0
06-02 14:33:31.046   14924-15012   C03914/com.flow...AceTextField  com.flowdesk.harmony  I     [(-1:100000:singleton)] InsertText length:1
06-02 14:33:31.047   14924-14924   C03914/com.flow...AceTextField  com.flowdesk.harmony  I     [(100000:100000:scope)] AddInsertCommand len: 1 reason: 1
06-02 14:33:31.047   14924-14924   C0390D/com.flo...ny/AceOverlay  com.flowdesk.harmony  W     [(100000:100000:scope)] failed to get foldCreaseRegion
06-02 14:33:31.047   14924-14924   C03914/com.flow...AceTextField  com.flowdesk.harmony  I     [(100000:100000:scope)] AddInsertCommand MarkDirtyNode 75, reason: 1
06-02 14:33:31.051   14924-14924   C03912/com.flow...AceTextInput  com.flowdesk.harmony  I     [(100000:100000:scope)] after move, handleRect.GetX():354.900421,handleRect.GetY():48.000000
06-02 14:33:31.051   14924-14924   C03914/com.flow...AceTextField  com.flowdesk.harmony  I     [(100000:100000:scope)] gradientMode = 0 fluidLightMode = 0
06-02 14:33:31.051   14924-14924   C01C10/com.flo...rmony/ImsaKit  com.flowdesk.harmony  I     line: 887, function: OnCursorUpdate,left: 438, top: 1559, height: 114.
06-02 14:33:31.051   14924-14924   C01C10/com.flo...rmony/ImsaKit  com.flowdesk.harmony  I     line: 922, function: OnSelectionChange,IMC size: 6, range: 5/5/6/6.
06-02 14:33:31.052   14924-14924   C03914/com.flow...AceTextField  com.flowdesk.harmony  I     [(100000:100000:scope)] UpdateCaretInfoToController, left 438.900421, top 1559.000000, width 7.000000, height 114.000000, selectController_ Start 6, end 6
06-02 14:33:31.052   14924-14924   C03914/com.flow...AceTextField  com.flowdesk.harmony  I     [(100000:100000:scope)] On change previewText, len:0, index:<private>
06-02 14:33:31.052   14924-14924   C03914/com.flow...AceTextField  com.flowdesk.harmony  I     [(100000:100000:scope)] addedLen=1, removedLen=0
06-02 14:33:31.052   14924-14924   C0390D/com.flo...ny/AceOverlay  com.flowdesk.harmony  W     [(100000:100000:scope)] failed to get foldCreaseRegion
06-02 14:33:31.065   14924-14924   C05302/com.flow...Hint_To_Type  com.flowdesk.harmony  I     Output types: 0
06-02 14:33:31.069   14924-14924   C03912/com.flow...AceTextInput  com.flowdesk.harmony  I     [(100000:100000:scope)] after move, handleRect.GetX():354.900421,handleRect.GetY():48.000000
06-02 14:33:31.069   14924-14924   C03914/com.flow...AceTextField  com.flowdesk.harmony  I     [(100000:100000:scope)] gradientMode = 0 fluidLightMode = 0
06-02 14:33:31.492   14924-14924   C01560/com.flo...WifiNAPIUtils  com.flowdesk.harmony  I     Call wifi func: GetIpInfo (start)
06-02 14:33:31.493   14924-14924   C01560/com.flo...WifiNAPIUtils  com.flowdesk.harmony  I     Call wifi func: GetIpInfo (end), time cost:386us, 0ms
06-02 14:33:31.494   14924-14924   C015B0/com.flo...mony/NETSTACK  com.flowdesk.harmony  E     [socket_exec.cpp:565] get TFO failed, fd=56, errno=95
06-02 14:33:31.494   14924-15012   C03914/com.flow...AceTextField  com.flowdesk.harmony  I     [(-1:100000:singleton)] SendKeyboardStatus status: 1
06-02 14:33:31.494   14924-15012   C03914/com.flow...AceTextField  com.flowdesk.harmony  I     [(-1:100000:singleton)] SetKeyboardStatus status: 0
06-02 14:33:31.495   14924-14924   C015B0/com.flo...mony/NETSTACK  com.flowdesk.harmony  E     [socket_exec.cpp:565] get TFO failed, fd=56, errno=95
