06-02 14:32:52.053   14924-14924   C01356/com.flo...mony/Recovery  com.flowdesk.harmony  I     [app_recovery.cpp468]fileDir: /data/storage/el2/base/files
06-02 14:32:53.031   14924-14989   C03F00/com.flo...y/ArkCompiler  com.flowdesk.harmony  I     [gc] SmartGC: app cold start just finished
06-02 14:32:53.204   14924-14924   C01560/com.flo...WifiNAPIUtils  com.flowdesk.harmony  I     Call wifi func: GetIpInfo (start)
06-02 14:32:53.205   14924-14924   C01560/com.flo...WifiNAPIUtils  com.flowdesk.harmony  I     Call wifi func: GetIpInfo (end), time cost:1225us, 1ms
06-02 14:32:53.210   14924-14924   C015B0/com.flo...mony/NETSTACK  com.flowdesk.harmony  E     [socket_exec.cpp:565] get TFO failed, fd=56, errno=95
06-02 14:32:53.213   14924-14924   C015B0/com.flo...mony/NETSTACK  com.flowdesk.harmony  E     [socket_exec.cpp:565] get TFO failed, fd=56, errno=95
06-02 14:32:55.205   14924-14924   C01560/com.flo...WifiNAPIUtils  com.flowdesk.harmony  I     Call wifi func: GetIpInfo (start)
06-02 14:32:55.206   14924-14924   C01560/com.flo...WifiNAPIUtils  com.flowdesk.harmony  I     Call wifi func: GetIpInfo (end), time cost:1285us, 1ms
06-02 14:32:55.209   14924-14924   C015B0/com.flo...mony/NETSTACK  com.flowdesk.harmony  E     [socket_exec.cpp:565] get TFO failed, fd=56, errno=95
06-02 14:32:55.214   14924-14924   C015B0/com.flo...mony/NETSTACK  com.flowdesk.harmony  E     [socket_exec.cpp:565] get TFO failed, fd=56, errno=95
06-02 14:32:57.207   14924-14924   C01560/com.flo...WifiNAPIUtils  com.flowdesk.harmony  I     Call wifi func: GetIpInfo (start)
06-02 14:32:57.209   14924-14924   C01560/com.flo...WifiNAPIUtils  com.flowdesk.harmony  I     Call wifi func: GetIpInfo (end), time cost:1471us, 1ms
06-02 14:32:57.213   14924-14924   C015B0/com.flo...mony/NETSTACK  com.flowdesk.harmony  E     [socket_exec.cpp:565] get TFO failed, fd=56, errno=95
06-02 14:32:57.217   14924-14924   C015B0/com.flo...mony/NETSTACK  com.flowdesk.harmony  E     [socket_exec.cpp:565] get TFO failed, fd=56, errno=95
06-02 14:32:59.031   14924-14989   C03F00/com.flo...y/ArkCompiler  com.flowdesk.harmony  I     [gc] SmartGC: app cold start finished
06-02 14:32:59.207   14924-14924   C01560/com.flo...WifiNAPIUtils  com.flowdesk.harmony  I     Call wifi func: GetIpInfo (start)
06-02 14:32:59.209   14924-14924   C01560/com.flo...WifiNAPIUtils  com.flowdesk.harmony  I     Call wifi func: GetIpInfo (end), time cost:1226us, 1ms
06-02 14:32:59.212   14924-14924   C015B0/com.flo...mony/NETSTACK  com.flowdesk.harmony  E     [socket_exec.cpp:565] get TFO failed, fd=56, errno=95
06-02 14:32:59.215   14924-14924   C015B0/com.flo...mony/NETSTACK  com.flowdesk.harmony  E     [socket_exec.cpp:565] get TFO failed, fd=56, errno=95
06-02 14:33:01.208   14924-14924   C01560/com.flo...WifiNAPIUtils  com.flowdesk.harmony  I     Call wifi func: GetIpInfo (start)
06-02 14:33:01.209   14924-14924   C01560/com.flo...WifiNAPIUtils  com.flowdesk.harmony  I     Call wifi func: GetIpInfo (end), time cost:860us, 0ms
06-02 14:33:01.211   14924-14924   C015B0/com.flo...mony/NETSTACK  com.flowdesk.harmony  E     [socket_exec.cpp:565] get TFO failed, fd=56, errno=95
06-02 14:33:01.213   14924-14924   C015B0/com.flo...mony/NETSTACK  com.flowdesk.harmony  E     [socket_exec.cpp:565] get TFO failed, fd=56, errno=95
06-02 14:33:03.209   14924-14924   C01560/com.flo...WifiNAPIUtils  com.flowdesk.harmony  I     Call wifi func: GetIpInfo (start)
06-02 14:33:03.210   14924-14924   C01560/com.flo...WifiNAPIUtils  com.flowdesk.harmony  I     Call wifi func: GetIpInfo (end), time cost:1418us, 1ms
06-02 14:33:03.215   14924-14924   C015B0/com.flo...mony/NETSTACK  com.flowdesk.harmony  E     [socket_exec.cpp:565] get TFO failed, fd=56, errno=95
06-02 14:33:03.219   14924-14924   C015B0/com.flo...mony/NETSTACK  com.flowdesk.harmony  E     [socket_exec.cpp:565] get TFO failed, fd=56, errno=95
06-02 14:33:05.209   14924-14924   C01560/com.flo...WifiNAPIUtils  com.flowdesk.harmony  I     Call wifi func: GetIpInfo (start)
06-02 14:33:05.210   14924-14924   C01560/com.flo...WifiNAPIUtils  com.flowdesk.harmony  I     Call wifi func: GetIpInfo (end), time cost:1241us, 1ms
06-02 14:33:05.214   14924-14924   C015B0/com.flo...mony/NETSTACK  com.flowdesk.harmony  E     [socket_exec.cpp:565] get TFO failed, fd=56, errno=95
06-02 14:33:05.217   14924-14924   C015B0/com.flo...mony/NETSTACK  com.flowdesk.harmony  E     [socket_exec.cpp:565] get TFO failed, fd=56, errno=95
06-02 14:33:06.296   14924-15012   C04207/com.flo...mony/WMSFocus  com.flowdesk.harmony  I     UpdateFocusState: focus: 0, id: 1036
06-02 14:33:06.297   14924-15012   C03900/com.flo...k.harmony/Ace  com.flowdesk.harmony  I     [(-1:100000:singleton)] [com.flowdesk.harmony][entry][100000]: window unfocus
06-02 14:33:06.297   14924-14924   C03900/com.flo...k.harmony/Ace  com.flowdesk.harmony  I     [(100000:100000:scope)] Update application state , state: ON_INACTIVE
06-02 14:33:06.297   14924-14924   C0391C/com.flo...mony/AceFocus  com.flowdesk.harmony  I     [(100000:100000:scope)] Window: 1036 lost focus.
06-02 14:33:06.297   14924-14924   C0391C/com.flo...mony/AceFocus  com.flowdesk.harmony  I     [(100000:100000:scope)] Scope(Stack/5) has no last focusNode.
06-02 14:33:06.309   14924-14924   C0391D/com.flo...mony/AceMouse  com.flowdesk.harmony  I     [(100000:100000:scope)] VsyncMouseFormat mouseFormat_ and lastVsyncMouseFormat_ = 0 is same.
06-02 14:33:06.310   14924-15012   C04207/com.flo...mony/WMSFocus  com.flowdesk.harmony  I     NotifyHighlightChange: windowId: 1036, isHighlight: 0,
06-02 14:33:06.310   14924-15012   C03900/com.flo...k.harmony/Ace  com.flowdesk.harmony  I     [(-1:100000:singleton)] [com.flowdesk.harmony][entry][100000]:window unactive
06-02 14:33:06.310   14924-15012   C0420A/com.flo...rmony/WMSLife  com.flowdesk.harmony  I     NotifyLifecyclePausedStatus: in
06-02 14:33:06.310   14924-15012   C0420A/com.flo...rmony/WMSLife  com.flowdesk.harmony  I     NotifyAfterLifecyclePaused: in
06-02 14:33:06.310   14924-14924   C03900/com.flo...k.harmony/Ace  com.flowdesk.harmony  I     [(100000:100000:scope)] Update application state , state: ON_INACTIVE
06-02 14:33:06.321   14924-14982   C01332/com.flo...ony/UIAbility  com.flowdesk.harmony  I     [ui_ability_thread.cpp321]name:EntryAbility,targeState:6,isNewWant:0
06-02 14:33:06.321   14924-14924   C01332/com.flo...ony/UIAbility  com.flowdesk.harmony  I     [ui_ability_thread.cpp240]Lifecycle:name EntryAbility
06-02 14:33:06.321   14924-14924   C0420A/com.flo...rmony/WMSLife  com.flowdesk.harmony  I     GoPause: in
06-02 14:33:06.321   14924-14924   C0420A/com.flo...rmony/WMSLife  com.flowdesk.harmony  I     Pause: in, isColdStart: 0
06-02 14:33:06.321   14924-14924   C0420A/com.flo...rmony/WMSLife  com.flowdesk.harmony  I     NotifyAfterLifecyclePaused: in
06-02 14:33:06.321   14924-14924   C0420A/com.flo...rmony/WMSLife  com.flowdesk.harmony  I     NotifyAfterLifecyclePaused: window has been in noninteractive status
06-02 14:33:06.321   14924-14924   C01332/com.flo...ony/UIAbility  com.flowdesk.harmony  I     [JUA2015]JsUIAbility call js, name: onWillBackground
06-02 14:33:06.321   14924-14924   C01332/com.flo...ony/UIAbility  com.flowdesk.harmony  I     [JUA2060]end, name: onWillBackground, time: 0
06-02 14:33:06.321   14924-14924   C01332/com.flo...ony/UIAbility  com.flowdesk.harmony  I     [JUA2015]JsUIAbility call js, name: onBackground
06-02 14:33:06.321   14924-14924   A00001/com.flo...mony/FlowDesk  com.flowdesk.harmony  I     EntryAbility onBackground
06-02 14:33:06.322   14924-14924   C01332/com.flo...ony/UIAbility  com.flowdesk.harmony  I     [JUA2060]end, name: onBackground, time: 0
06-02 14:33:06.322   14924-14924   C04202/com.flo...rmony/WMSMain  com.flowdesk.harmony  I     GoBackground: reason: 4
06-02 14:33:06.322   14924-14924   C0420A/com.flo...rmony/WMSLife  com.flowdesk.harmony  I     Hide: Window hide [id:1036, type: 1, reason:4, state:2, requestState:2
06-02 14:33:06.322   14924-14924   C0420A/com.flo...rmony/WMSLife  com.flowdesk.harmony  W     GetAttachStateSyncResult: lifecycleCallback is null
06-02 14:33:06.322   14924-14924   C01332/com.flo...ony/UIAbility  com.flowdesk.harmony  I     [ui_ability_impl.cpp478]wnd call, AfterBackground
06-02 14:33:06.322   14924-14924   C03900/com.flo...k.harmony/Ace  com.flowdesk.harmony  I     [(-2:100000:singleton)] [com.flowdesk.harmony][entry][100000]: window background
06-02 14:33:06.323   14924-14924   C03900/com.flo...k.harmony/Ace  com.flowdesk.harmony  I     [(100000:100000:scope)] Update application state , state: ON_HIDE
06-02 14:33:06.323   14924-14924   C03922/com.flo...AceNavigation  com.flowdesk.harmony  I     [(100000:100000:scope)] can't find inner navigation
06-02 14:33:06.323   14924-14924   C03F00/com.flo...y/ArkCompiler  com.flowdesk.harmony  I     [gc] HintGC degree:0 reason:Trigger by ArkUI
06-02 14:33:06.323   14924-14924   C01406/com.flo...mony/OHOS::RS  com.flowdesk.harmony  I     RSSurfaceNode::SetAbilityState, surfaceNodeId:[64098091925506], ability state: background
06-02 14:33:06.323   14924-14924   C04202/com.flo...rmony/WMSMain  com.flowdesk.harmony  I     SetFrameRateLinkerEnable: rate 0, linkerId 64098091925504
06-02 14:33:06.324   14924-14924   C0420A/com.flo...rmony/WMSLife  com.flowdesk.harmony  I     NotifyAfterDidBackground: reason: 4
06-02 14:33:06.324   14924-14924   C04208/com.flo...ony/WMSLayout  com.flowdesk.harmony  I     NotifyWindowStatusChange: id:1036, windowMode:1, windowStatus:3, lastWindowStatus:1, skipRedundantWindowStatusNotifications:0
06-02 14:33:06.324   14924-14924   C04208/com.flo...ony/WMSLayout  com.flowdesk.harmony  I     NotifyWindowStatusDidChange: Id:1036, WindowMode:1, windowStatus:3, lastWindowStatus:1, listenerSize:0, rect:[0 0 1316 2832]
06-02 14:33:06.324   14924-14924   C0420A/com.flo...rmony/WMSLife  com.flowdesk.harmony  I     Hide: Window hide end, id:1036, type: 1
06-02 14:33:06.324   14924-14924   C02D07/com.flo...y/ObserverMgr  com.flowdesk.harmony  I     start to handle background
06-02 14:33:06.324   14924-14924   C0420A/com.flo...rmony/WMSLife  com.flowdesk.harmony  I     NotifyAfterDidBackground execute
06-02 14:33:06.324   14924-14924   C01332/com.flo...ony/UIAbility  com.flowdesk.harmony  I     [JUA2015]JsUIAbility call js, name: onDidBackground
06-02 14:33:06.324   14924-14924   C01332/com.flo...ony/UIAbility  com.flowdesk.harmony  I     [JUA2060]end, name: onDidBackground, time: 0
06-02 14:33:06.487   14924-14924   C01317/com.flo...armony/AppKit  com.flowdesk.harmony  I     [MTHRD2862]start
06-02 14:33:06.487   14924-14924   C03F00/com.flo...y/ArkCompiler  com.flowdesk.harmony  I     [gc] app is inBackground
06-02 14:33:06.487   14924-14924   C03F01/com.flo....harmony/NAPI  com.flowdesk.harmony  I     [StopIdleMonitorTimerTask] Get timerMutex_
06-02 14:33:07.209   14924-14924   C01560/com.flo...WifiNAPIUtils  com.flowdesk.harmony  I     Call wifi func: GetIpInfo (start)
06-02 14:33:07.209   14924-14924   C01560/com.flo...WifiNAPIUtils  com.flowdesk.harmony  I     Call wifi func: GetIpInfo (end), time cost:668us, 0ms
06-02 14:33:07.211   14924-14924   C015B0/com.flo...mony/NETSTACK  com.flowdesk.harmony  E     [socket_exec.cpp:565] get TFO failed, fd=56, errno=95
06-02 14:33:07.213   14924-14924   C015B0/com.flo...mony/NETSTACK  com.flowdesk.harmony  E     [socket_exec.cpp:565] get TFO failed, fd=56, errno=95
06-02 14:33:07.488   14924-15022   C02D10/com.flo...RemoteService  com.flowdesk.harmony  I     GetHiViewRemoteService: refresh remote service instance.
06-02 14:33:07.495   14924-15022   C03F01/com.flo....harmony/NAPI  com.flowdesk.harmony  I     [LoadReportDataFunc] ArkIdleMonitor: LoadReportDataFunc success.
06-02 14:33:07.496   14924-15022   C03F01/com.flo....harmony/NAPI  com.flowdesk.harmony  I     [ReportDataToRSS] ArkIdleMonitor: ReportDataToRSS 0, pid: 14924, bundleName: com.flowdesk.harmony
06-02 14:33:07.512   14924-14924   C03F01/com.flo....harmony/NAPI  com.flowdesk.harmony  I     [ReportDataToRSS] ArkIdleMonitor: ReportDataToRSS 1, pid: 14924, bundleName: com.flowdesk.harmony
06-02 14:33:23.490   14924-14981   C02D06/com.flo...rmony/XCollie  com.flowdesk.harmony  I     checker thread may be blocked, reset next tick time.now:109329329 expect:109315853 interval:3000
06-02 14:33:23.491   14924-14924   C01560/com.flo...WifiNAPIUtils  com.flowdesk.harmony  I     Call wifi func: GetIpInfo (start)
06-02 14:33:23.492   14924-14924   C01560/com.flo...WifiNAPIUtils  com.flowdesk.harmony  I     Call wifi func: GetIpInfo (end), time cost:1445us, 1ms
06-02 14:33:23.494   14924-15063   C015B0/com.flo...mony/NETSTACK  com.flowdesk.harmony  E     [socket_exec.cpp:759] recv fail, socket:56, errno:4, revent:8
06-02 14:33:23.503   14924-15063   C015B0/com.flo...mony/NETSTACK  com.flowdesk.harmony  I     [socket_exec.cpp:501] udp socket handle has been finalized, manager is invalid or ERROR listener is not registered
06-02 14:33:23.510   14924-14924   C015B0/com.flo...mony/NETSTACK  com.flowdesk.harmony  E     [socket_exec.cpp:565] get TFO failed, fd=56, errno=95
06-02 14:33:23.510   14924-14924   C015B0/com.flo...mony/NETSTACK  com.flowdesk.harmony  E     [socket_exec.cpp:2904] send failed, socket is 56, errno is 103
06-02 14:33:23.510   14924-14924   C015B0/com.flo...mony/NETSTACK  com.flowdesk.harmony  E     [socket_exec.cpp:633] send failed, socket is 56, errno is 103
06-02 14:33:23.520   14924-14924   C015B0/com.flo...mony/NETSTACK  com.flowdesk.harmony  E     [socket_exec.cpp:565] get TFO failed, fd=56, errno=95
06-02 14:33:23.521   14924-14924   C01317/com.flo...armony/AppKit  com.flowdesk.harmony  I     [MTHRD2834]called
06-02 14:33:23.521   14924-14924   C03F00/com.flo...y/ArkCompiler  com.flowdesk.harmony  I     [gc] app is not inBackground
06-02 14:33:23.526   14924-15012   C01332/com.flo...ony/UIAbility  com.flowdesk.harmony  I     [ui_ability_thread.cpp321]name:EntryAbility,targeState:5,isNewWant:0
06-02 14:33:23.526   14924-14924   C01332/com.flo...ony/UIAbility  com.flowdesk.harmony  I     [ui_ability_thread.cpp240]Lifecycle:name EntryAbility
06-02 14:33:23.526   14924-14924   C01332/com.flo...ony/UIAbility  com.flowdesk.harmony  I     [JUA2015]JsUIAbility call js, name: onWillForeground
06-02 14:33:23.527   14924-14924   C01332/com.flo...ony/UIAbility  com.flowdesk.harmony  I     [JUA2060]end, name: onWillForeground, time: 0
06-02 14:33:23.527   14924-14924   C04202/com.flo...rmony/WMSMain  com.flowdesk.harmony  I     GoForeground: reason: 4
06-02 14:33:23.527   14924-14924   C0420A/com.flo...rmony/WMSLife  com.flowdesk.harmony  I     Show: Window show [name: harmony0, id: 1036, type: 1], reason: 4, state:3, requestState:3
06-02 14:33:23.527   14924-14924   C03900/com.flo...k.harmony/Ace  com.flowdesk.harmony  I     [(-2:100000:singleton)] [com.flowdesk.harmony][entry][100000]: UpdateWindowVisible: 1, hasDecor: 0
06-02 14:33:23.527   14924-14924   C01332/com.flo...ony/UIAbility  com.flowdesk.harmony  I     [ui_ability_impl.cpp439]wnd call, AfterForeground
06-02 14:33:23.527   14924-14924   C0420A/com.flo...rmony/WMSLife  com.flowdesk.harmony  W     GetAttachStateSyncResult: lifecycleCallback is null
06-02 14:33:23.527   14924-14924   C03900/com.flo...k.harmony/Ace  com.flowdesk.harmony  I     [(-2:100000:singleton)] [com.flowdesk.harmony][entry][100000]: window foreground
06-02 14:33:23.528   14924-14924   C03900/com.flo...k.harmony/Ace  com.flowdesk.harmony  I     [(100000:100000:scope)] Update application state , state: ON_SHOW
06-02 14:33:23.528   14924-14924   C03922/com.flo...AceNavigation  com.flowdesk.harmony  I     [(100000:100000:scope)] can't find inner navigation
06-02 14:33:23.528   14924-15012   C04208/com.flo...ony/WMSLayout  com.flowdesk.harmony  I     NotifySingleHandTransformChange: id:1036, posX:0, posY:0, scaleX:1.000000, scaleY:1.000000
06-02 14:33:23.529   14924-14924   C01406/com.flo...mony/OHOS::RS  com.flowdesk.harmony  I     RSSurfaceNode::SetAbilityState, surfaceNodeId:[64098091925506], ability state: foreground
06-02 14:33:23.530   14924-14924   C0420A/com.flo...rmony/WMSLife  com.flowdesk.harmony  I     NotifyAfterDidForeground: reason: 4
06-02 14:33:23.530   14924-14924   C04202/com.flo...rmony/WMSMain  com.flowdesk.harmony  I     NotifyFreeMultiWindowModeResume: IsPcMode 0, isColdStart 0
06-02 14:33:23.530   14924-14924   C0420A/com.flo...rmony/WMSLife  com.flowdesk.harmony  I     Show: Window show success [name:harmony0, id:1036, type:1]
06-02 14:33:23.530   14924-14924   C04208/com.flo...ony/WMSLayout  com.flowdesk.harmony  I     NotifyWindowStatusChange: id:1036, windowMode:1, windowStatus:1, lastWindowStatus:3, skipRedundantWindowStatusNotifications:0
06-02 14:33:23.530   14924-14924   C04201/com.flo...k.harmony/DMS  com.flowdesk.harmony  W     OnDisplayInfoChange: data is not changed.
06-02 14:33:23.531   14924-14924   C01332/com.flo...ony/UIAbility  com.flowdesk.harmony  I     [JUA2015]JsUIAbility call js, name: onForeground
06-02 14:33:23.531   14924-14924   A00001/com.flo...mony/FlowDesk  com.flowdesk.harmony  I     EntryAbility onForeground
06-02 14:33:23.531   14924-14924   C01332/com.flo...ony/UIAbility  com.flowdesk.harmony  I     [JUA2060]end, name: onForeground, time: 0
06-02 14:33:23.531   14924-14924   C01301/com.flo...rmony/Ability  com.flowdesk.harmony  I     [page_config_manager.cpp49]configJson is empty
06-02 14:33:23.532   14924-14924   C0420A/com.flo...rmony/WMSLife  com.flowdesk.harmony  I     NotifyAfterDidForeground execute
06-02 14:33:23.532   14924-14924   C01332/com.flo...ony/UIAbility  com.flowdesk.harmony  I     [JUA2015]JsUIAbility call js, name: onDidForeground
06-02 14:33:23.532   14924-14924   C01332/com.flo...ony/UIAbility  com.flowdesk.harmony  I     [JUA2060]end, name: onDidForeground, time: 0
06-02 14:33:23.532   14924-14924   C04202/com.flo...rmony/WMSMain  com.flowdesk.harmony  I     GoResume: in
06-02 14:33:23.532   14924-14924   C0420A/com.flo...rmony/WMSLife  com.flowdesk.harmony  I     Resume: in, isColdStart: 0, isDidForeground: 0
06-02 14:33:23.532   14924-14924   C0420A/com.flo...rmony/WMSLife  com.flowdesk.harmony  I     NotifyAfterLifecycleResumed: in
06-02 14:33:23.539   14924-15012   C04208/com.flo...ony/WMSLayout  com.flowdesk.harmony  I     UpdateRect: id:1036 name:harmony0 rect:[0 0 1316 2832]->[0 0 1316 2832] reason:23 displayId:0
06-02 14:33:23.541   14924-14924   C03959/com.flo...ony/AceLayout  com.flowdesk.harmony  I     [(-2:100000:singleton)] [com.flowdesk.harmony][entry][100000]: UpdateViewportConfig Viewport config: size: (1316, 2832) orientation: 0 density: 3.500000 position: (0, 0) transformHint: 0 displayId: 0, windowSizeChangeReason 23, is rsTransaction nullptr 1, updateAvoidAreas size: 5[(0,top [0 0 1316 136] )(1,top [512 37 292 83] )(2,empty)(3,empty)(4,bottom [427 2734 462 98] )], keyboardInfo is null
06-02 14:33:23.541   14924-14924   C04208/com.flo...ony/WMSLayout  com.flowdesk.harmony  I     UpdateViewportConfig: Id: 1036, reason: 23, windowRect: [0 0 1316 2832], displayOrientation: 0, config[0, 0, 0, 3.500000]
06-02 14:33:23.546   14924-15012   C04208/com.flo...ony/WMSLayout  com.flowdesk.harmony  I     NotifyWindowStatusDidChange: Id:1036, WindowMode:1, windowStatus:1, lastWindowStatus:3, listenerSize:0, rect:[0 0 1316 2832]
06-02 14:33:23.650   14924-14994   C04201/com.flo...k.harmony/DMS  com.flowdesk.harmony  I     ~Display: ~Display
06-02 14:33:23.660   14924-15012   C04207/com.flo...mony/WMSFocus  com.flowdesk.harmony  I     UpdateFocusState: focus: 1, id: 1036
06-02 14:33:23.661   14924-15012   C03900/com.flo...k.harmony/Ace  com.flowdesk.harmony  I     [(-1:100000:singleton)] [com.flowdesk.harmony][entry][100000]: window focus
06-02 14:33:23.661   14924-15012   C04207/com.flo...mony/WMSFocus  com.flowdesk.harmony  I     NotifyHighlightChange: timeStamp:1780382003658, highlightId:1036, isHighlight:1,isSyncNotify:1, old:0, new:1780382003658current:1780382003661
06-02 14:33:23.661   14924-15012   C04207/com.flo...mony/WMSFocus  com.flowdesk.harmony  I     NotifyHighlightChange: windowId: 1036, isHighlight: 1,
06-02 14:33:23.661   14924-15012   C03900/com.flo...k.harmony/Ace  com.flowdesk.harmony  I     [(-1:100000:singleton)] [com.flowdesk.harmony][entry][100000]:window active
06-02 14:33:23.661   14924-14924   C03900/com.flo...k.harmony/Ace  com.flowdesk.harmony  I     [(100000:100000:scope)] Update application state , state: ON_ACTIVE
06-02 14:33:23.661   14924-14924   C01D02/com.flo...ility_asacfwk  com.flowdesk.harmony  I     [(SubscribeStateObserver:652)]Observer has subscribed!
06-02 14:33:23.661   14924-14924   C01D02/com.flo...ility_asacfwk  com.flowdesk.harmony  I     [(SubscribeStateObserver:652)]Observer has subscribed!
06-02 14:33:23.661   14924-14924   C01D02/com.flo...ility_asacfwk  com.flowdesk.harmony  I     [(SubscribeStateObserver:652)]Observer has subscribed!
06-02 14:33:23.661   14924-14924   C0391C/com.flo...mony/AceFocus  com.flowdesk.harmony  I     [(100000:100000:scope)] Window: 1036 get focus.
06-02 14:33:23.661   14924-14924   C03900/com.flo...k.harmony/Ace  com.flowdesk.harmony  I     [(100000:100000:scope)] Update application state , state: ON_ACTIVE
06-02 14:33:23.661   14924-14924   C01D02/com.flo...ility_asacfwk  com.flowdesk.harmony  I     [(SubscribeStateObserver:652)]Observer has subscribed!
06-02 14:33:23.661   14924-14924   C01D02/com.flo...ility_asacfwk  com.flowdesk.harmony  I     [(SubscribeStateObserver:652)]Observer has subscribed!
06-02 14:33:23.661   14924-14924   C01D02/com.flo...ility_asacfwk  com.flowdesk.harmony  I     [(SubscribeStateObserver:652)]Observer has subscribed!
06-02 14:33:23.670   14924-14924   C0391C/com.flo...mony/AceFocus  com.flowdesk.harmony  I     [(100000:100000:scope)] WinFocusMove end, Stack/secure_field onBlur, Stack/secure_field onFocus, start: 1, end: 1, update: 2
06-02 14:33:23.670   14924-14924   C03933/com.flo...y/AceKeyboard  com.flowdesk.harmony  I     [(100000:100000:scope)] current focus node: (Stack/5). isDynamic: 0
06-02 14:33:23.670   14924-14924   C03933/com.flo...y/AceKeyboard  com.flowdesk.harmony  I     [(100000:100000:scope)] Trigger Window Focus Callback
06-02 14:33:23.670   14924-14924   C03933/com.flo...y/AceKeyboard  com.flowdesk.harmony  I     [(100000:100000:scope)] need keyboard : 0.
06-02 14:33:23.670   14924-14924   C0420B/com.flo...y/WMSKeyboard  com.flowdesk.harmony  I     id: 1036, isNeedKeyboard: 0, keepKeyboardFlag: 0
06-02 14:33:23.670   14924-14924   C0420B/com.flo...y/WMSKeyboard  com.flowdesk.harmony  I     RequestInputMethodCloseKeyboard: Notify InputMethod framework close keyboard start. id: 1036, isUIEProc: 0, hostWindowId: 1036
06-02 14:33:24.590   14924-14924   C02805/com.flow...InputKeyFlow  com.flowdesk.harmony  I     [P:D:732889|247]ac: down: 732889
06-02 14:33:24.590   14924-14924   C02805/com.flow...InputKeyFlow  com.flowdesk.harmony  I     [P:D:732889|649]recv
06-02 14:33:24.590   14924-14924   C04213/com.flow...InputKeyFlow  com.flowdesk.harmony  I     HandleInputEvent: eid:0,InputId:732889,wid:1036,ac:2
06-02 14:33:24.591   14924-14924   C03951/com.flow...InputKeyFlow  com.flowdesk.harmony  I     [(100000:100000:scope)] ITK Id:732889, fId:0, T:0, I=0, M=0
06-02 14:33:24.593   14924-14924   C03951/com.flow...InputKeyFlow  com.flowdesk.harmony  I     [(100000:100000:scope)] ITK Id:732889, TTHNI:fId: 0{ T: Button, D: 8 };
06-02 14:33:24.593   14924-14924   C03951/com.flow...InputKeyFlow  com.flowdesk.harmony  I     [(100000:100000:scope)] ITK Id:732889, TTHRTI: T ClickRecognizer info: { T: Button };
06-02 14:33:24.594   14924-14924   C03945/com.flo...AceStateStyle  com.flowdesk.harmony  I     [(100000:100000:scope)] Handle TouchDown event node: Button
06-02 14:33:24.594   14924-14924   C02C03/com.flo...PARAM_WATCHER  com.flowdesk.harmony  E     [nodict]Read result failed, code is: 1.
06-02 14:33:24.594   14924-14924   C02C03/PARAM_WATCHER            com.flowdesk.harmony  E     Failed to add watcher for persist.rosen.animationtrace.enabled
06-02 14:33:24.594   14924-14924   C02C03/PARAM_WATCHER            com.flowdesk.harmony  I     [watcher_manager_kits.cpp:241]ParamWatcher destructor start
06-02 14:33:24.594   14924-14924   C02C03/PARAM_WATCHER            com.flowdesk.harmony  E     SystemWatchParameter is failed!keyPrefix is:persist.rosen.animationtrace.enabled,errNum is:-1
06-02 14:33:24.594   14924-14924   C02C0B/BEGET                    com.flowdesk.harmony  E     [service_watcher.c:85]WatchParameter failed! the errNum is -1
06-02 14:33:24.595   14924-14924   C02C03/PARAM_WATCHER            com.flowdesk.harmony  I     Add watcher keyPrefix sys.graphic.openTestModeTrace remoteWatcherId 7737 success
06-02 14:33:24.596   14924-14924   C03919/com.flo...InputTracking  com.flowdesk.harmony  I     [(100000:100000:scope)] Consumed id:732889, last id:-1
06-02 14:33:24.596   14924-14924   C04213/com.flow...InputKeyFlow  com.flowdesk.harmony  I     ConsumePointerEventInner: InputId:732889,wid:1036,pointId:0,srcType:2,rect:[0,0,1316,2832],notify:1
06-02 14:33:24.596   14924-14924   C02805/com.flow...InputKeyFlow  com.flowdesk.harmony  I     [P:M:732890|247]ac: move: 732890
06-02 14:33:24.598   14924-16918   C0390D/com.flo...ny/AceOverlay  com.flowdesk.harmony  I     [(-1:100000:singleton)] RVS_ENABLE_CHECK Result: 0
06-02 14:33:24.635   14924-14924   C02805/com.flow...InputKeyFlow  com.flowdesk.harmony  I     [P:U:732897|247]ac: move, first: 732891-(2026-06-02 14:33:24.597ms), 732896, count: 6, last: ac: up: 732897
06-02 14:33:24.635   14924-14924   C02805/com.flow...InputKeyFlow  com.flowdesk.harmony  I     [P:U:732897|649]recv
06-02 14:33:24.635   14924-14924   C04213/com.flow...InputKeyFlow  com.flowdesk.harmony  I     HandleInputEvent: eid:1,InputId:732897,wid:1036,ac:4
06-02 14:33:24.636   14924-14924   C03951/com.flow...InputKeyFlow  com.flowdesk.harmony  I     [(100000:100000:scope)] ITK Id:732897, fId:0, T:1, I=0, M=0
06-02 14:33:24.636   14924-14924   C03934/com.flo...ny/AceUIEvent  com.flowdesk.harmony  I     [(100000:100000:scope)] TpFlush end by up event
06-02 14:33:24.636   14924-14924   C03945/com.flo...AceStateStyle  com.flowdesk.harmony  I     [(100000:100000:scope)] Handle TouchUp or Cancel event node: Button
06-02 14:33:24.636   14924-14924   C0391E/com.flo...ny/AceGesture  com.flowdesk.harmony  I     [(100000:100000:scope)] Click try accept Button
06-02 14:33:24.636   14924-14924   C03951/com.flow...InputKeyFlow  com.flowdesk.harmony  I     [(100000:100000:scope)] CLK RACC, T: Button
06-02 14:33:24.637   14924-14924   C03919/com.flo...InputTracking  com.flowdesk.harmony  I     [(100000:100000:scope)] Consumed id:732897, last id:732896
06-02 14:33:24.637   14924-14924   C04213/com.flow...InputKeyFlow  com.flowdesk.harmony  I     ConsumePointerEventInner: InputId:732897,wid:1036,pointId:0,srcType:2,rect:[0,0,1316,2832],notify:1
06-02 14:33:24.645   14924-14924   C03926/com.flo...mony/AceTheme  com.flowdesk.harmony  W     [(100000:100000:scope)] style textfield_pattern not contains error_text_border_color_alpha!
06-02 14:33:24.645   14924-14924   C03926/com.flo...mony/AceTheme  com.flowdesk.harmony  W     [(100000:100000:scope)] style textfield_pattern not contains disable_underline_alpha!
06-02 14:33:24.645   14924-14924   C03926/com.flo...mony/AceTheme  com.flowdesk.harmony  W     [(100000:100000:scope)] style textfield_pattern not contains default_counter_color!
06-02 14:33:24.645   14924-14924   C03926/com.flo...mony/AceTheme  com.flowdesk.harmony  W     [(100000:100000:scope)] style textfield_pattern not contains over_counter_color!
06-02 14:33:24.645   14924-14924   C03926/com.flo...mony/AceTheme  com.flowdesk.harmony  W     [(100000:100000:scope)] style textfield_pattern not contains underline_color_alpha!
06-02 14:33:24.645   14924-14924   C03926/com.flo...mony/AceTheme  com.flowdesk.harmony  W     [(100000:100000:scope)] style textfield_pattern not contains underline_color_alpha!
06-02 14:33:24.645   14924-14924   C03926/com.flo...mony/AceTheme  com.flowdesk.harmony  W     [(100000:100000:scope)] style textfield_pattern not contains cursor_width!
06-02 14:33:24.645   14924-14924   C03926/com.flo...mony/AceTheme  com.flowdesk.harmony  W     [(100000:100000:scope)] style textfield_pattern not contains over_count_border_color_alpha!
06-02 14:33:24.645   14924-14924   C03926/com.flo...mony/AceTheme  com.flowdesk.harmony  W     [(100000:100000:scope)] style textfield_pattern not contains text_field_placeholder_linespacing!
06-02 14:33:24.645   14924-14924   C03926/com.flo...mony/AceTheme  com.flowdesk.harmony  W     [(100000:100000:scope)] style textfield_pattern not contains textfield_underline_border_radius!
06-02 14:33:24.645   14924-14924   C03926/com.flo...mony/AceTheme  com.flowdesk.harmony  W     [(100000:100000:scope)] style textfield_pattern not contains underline_bg_color_focused!
06-02 14:33:24.645   14924-14924   C03926/com.flo...mony/AceTheme  com.flowdesk.harmony  W     [(100000:100000:scope)] style textfield_pattern not contains text_input_normal_color!
06-02 14:33:24.645   14924-14924   C03926/com.flo...mony/AceTheme  com.flowdesk.harmony  W     [(100000:100000:scope)] style textfield_pattern not contains text_input_password_icon_size!
06-02 14:33:24.645   14924-14924   C03926/com.flo...mony/AceTheme  com.flowdesk.harmony  W     [(100000:100000:scope)] style textfield_pattern not contains text_input_cancel_icon_padding!
06-02 14:33:24.645   14924-14924   C03926/com.flo...mony/AceTheme  com.flowdesk.harmony  W     [(100000:100000:scope)] style textfield_pattern not contains text_input_password_icon_padding!
06-02 14:33:24.645   14924-14924   C03926/com.flo...mony/AceTheme  com.flowdesk.harmony  W     [(100000:100000:scope)] style textfield_pattern not contains text_input_icon_offset_padding!
06-02 14:33:24.645   14924-14924   C03926/com.flo...mony/AceTheme  com.flowdesk.harmony  W     [(100000:100000:scope)] style textfield_pattern not contains text_input_icon_focus_padding!
06-02 14:33:24.645   14924-14924   C03926/com.flo...mony/AceTheme  com.flowdesk.harmony  W     [(100000:100000:scope)] style textfield_pattern not contains error_under_line_width!
06-02 14:33:24.647   14924-14924   C03926/com.flo...mony/AceTheme  com.flowdesk.harmony  W     [(100000:100000:scope)] style text_overlay_pattern not contains text_overlay_menu_button_radius!
06-02 14:33:24.647   14924-14924   C03926/com.flo...mony/AceTheme  com.flowdesk.harmony  W     [(100000:100000:scope)] style text_overlay_pattern not contains bg_color_disabled_alpha!
06-02 14:33:24.647   14924-14924   C03926/com.flo...mony/AceTheme  com.flowdesk.harmony  W     [(100000:100000:scope)] style text_overlay_pattern not contains more_or_back_symbol_size!
06-02 14:33:24.647   14924-14924   C03926/com.flo...mony/AceTheme  com.flowdesk.harmony  W     [(100000:100000:scope)] style text_overlay_pattern not contains text_overlay_menu_copy!
06-02 14:33:24.647   14924-14924   C03926/com.flo...mony/AceTheme  com.flowdesk.harmony  W     [(100000:100000:scope)] style text_overlay_pattern not contains text_overlay_menu_paste!
06-02 14:33:24.647   14924-14924   C03926/com.flo...mony/AceTheme  com.flowdesk.harmony  W     [(100000:100000:scope)] style text_overlay_pattern not contains text_overlay_menu_select_all!
06-02 14:33:24.647   14924-14924   C03926/com.flo...mony/AceTheme  com.flowdesk.harmony  W     [(100000:100000:scope)] style text_overlay_pattern not contains text_overlay_menu_cut!
06-02 14:33:24.647   14924-14924   C03926/com.flo...mony/AceTheme  com.flowdesk.harmony  W     [(100000:100000:scope)] style text_overlay_pattern not contains text_overlay_menu_max_width!
06-02 14:33:24.647   14924-14924   C03926/com.flo...mony/AceTheme  com.flowdesk.harmony  W     [(100000:100000:scope)] style text_overlay_pattern not contains text_overlay_menu_horizontal_gap!
06-02 14:33:24.649   14924-14924   C05302/com.flow...Hint_To_Type  com.flowdesk.harmony  I     Output types: 0
06-02 14:33:24.655   14924-14924   C01406/com.flo...mony/OHOS::RS  com.flowdesk.harmony  E     Failed to attach property, property is null.
06-02 14:33:24.655   14924-14924   C01406/com.flo...mony/OHOS::RS  com.flowdesk.harmony  E     Failed to attach property, property is null.
06-02 14:33:24.655   14924-14924   C01406/com.flo...mony/OHOS::RS  com.flowdesk.harmony  E     Failed to attach property, property is null.
06-02 14:33:24.655   14924-14924   C01406/com.flo...mony/OHOS::RS  com.flowdesk.harmony  E     Failed to attach property, property is null.
06-02 14:33:25.349   14924-14924   C02805/com.flow...InputKeyFlow  com.flowdesk.harmony  I     [P:D:732898|247]ac: down: 732898
06-02 14:33:25.349   14924-14924   C02805/com.flow...InputKeyFlow  com.flowdesk.harmony  I     [P:D:732898|649]recv
06-02 14:33:25.349   14924-14924   C04213/com.flow...InputKeyFlow  com.flowdesk.harmony  I     HandleInputEvent: eid:2,InputId:732898,wid:1036,ac:2
06-02 14:33:25.350   14924-14924   C03951/com.flow...InputKeyFlow  com.flowdesk.harmony  I     [(100000:100000:scope)] ITK Id:732898, fId:0, T:0, I=0, M=0
06-02 14:33:25.350   14924-14924   C03951/com.flow...InputKeyFlow  com.flowdesk.harmony  I     [(100000:100000:scope)] ITK Id:732898, TTHNI:fId: 0{ T: Column, D: 7 };
06-02 14:33:25.350   14924-14924   C03951/com.flow...InputKeyFlow  com.flowdesk.harmony  I     [(100000:100000:scope)] ITK Id:732898, TTHRTI: T ClickRecognizer info: { T: Text }; { T: Column };
06-02 14:33:25.351   14924-14924   C03919/com.flo...InputTracking  com.flowdesk.harmony  I     [(100000:100000:scope)] Consumed id:732898, last id:732896
06-02 14:33:25.351   14924-14924   C04213/com.flow...InputKeyFlow  com.flowdesk.harmony  I     ConsumePointerEventInner: InputId:732898,wid:1036,pointId:0,srcType:2,rect:[0,0,1316,2832],notify:1
06-02 14:33:25.351   14924-14924   C02805/com.flow...InputKeyFlow  com.flowdesk.harmony  I     [P:M:732899|247]ac: move: 732899
06-02 14:33:25.410   14924-14924   C02805/com.flow...InputKeyFlow  com.flowdesk.harmony  I     [P:U:732908|247]ac: move, first: 732900-(2026-06-02 14:33:25.353ms), 732907, count: 8, last: ac: up: 732908
06-02 14:33:25.411   14924-14924   C02805/com.flow...InputKeyFlow  com.flowdesk.harmony  I     [P:U:732908|649]recv
06-02 14:33:25.411   14924-14924   C04213/com.flow...InputKeyFlow  com.flowdesk.harmony  I     HandleInputEvent: eid:3,InputId:732908,wid:1036,ac:4
06-02 14:33:25.412   14924-14924   C03951/com.flow...InputKeyFlow  com.flowdesk.harmony  I     [(100000:100000:scope)] ITK Id:732908, fId:0, T:1, I=0, M=0
06-02 14:33:25.412   14924-14924   C03934/com.flo...ny/AceUIEvent  com.flowdesk.harmony  I     [(100000:100000:scope)] TpFlush end by up event
06-02 14:33:25.412   14924-14924   C0391E/com.flo...ny/AceGesture  com.flowdesk.harmony  I     [(100000:100000:scope)] Click try accept Text
06-02 14:33:25.412   14924-14924   C03951/com.flow...InputKeyFlow  com.flowdesk.harmony  I     [(100000:100000:scope)] CLK RACC, T: Text
06-02 14:33:25.414   14924-14924   C03919/com.flo...InputTracking  com.flowdesk.harmony  I     [(100000:100000:scope)] Consumed id:732908, last id:732907
06-02 14:33:25.414   14924-14924   C04213/com.flow...InputKeyFlow  com.flowdesk.harmony  I     ConsumePointerEventInner: InputId:732908,wid:1036,pointId:0,srcType:2,rect:[0,0,1316,2832],notify:1
06-02 14:33:25.416   14924-14924   C05101/com.flow...StylusClient  com.flowdesk.harmony  I     [nodict]in UnRegisterStylusInteractionListener, UnRegisterStylusInteractionListener
06-02 14:33:25.416   14924-14924   C05101/com.flow...StylusClient  com.flowdesk.harmony  I     [nodict]in IsProxyAvaliable, Start getting System Ability services.
06-02 14:33:25.417   14924-14924   C057C2/com.flo...PCObjectProxy  com.flowdesk.harmony  E     PrintErrorDetailedInfo: failed, handle:0 error:7 desc:*.accessToken proxy:2632409472 time:109331256838896
06-02 14:33:25.417   14924-14924   C05101/com.flow...StylusClient  com.flowdesk.harmony  I     [nodict]in IsProxyAvaliable, remoteObject is null.
06-02 14:33:25.490   14924-14924   C01560/com.flo...WifiNAPIUtils  com.flowdesk.harmony  I     Call wifi func: GetIpInfo (start)
06-02 14:33:25.491   14924-14924   C01560/com.flo...WifiNAPIUtils  com.flowdesk.harmony  I     Call wifi func: GetIpInfo (end), time cost:1034us, 1ms
06-02 14:33:25.494   14924-14924   C015B0/com.flo...mony/NETSTACK  com.flowdesk.harmony  E     [socket_exec.cpp:565] get TFO failed, fd=56, errno=95
06-02 14:33:25.495   14924-14924   C015B0/com.flo...mony/NETSTACK  com.flowdesk.harmony  E     [socket_exec.cpp:565] get TFO failed, fd=56, errno=95
06-02 14:33:25.866   14924-14924   C02805/com.flow...InputKeyFlow  com.flowdesk.harmony  I     [P:D:732909|247]ac: down: 732909
06-02 14:33:25.867   14924-14924   C02805/com.flow...InputKeyFlow  com.flowdesk.harmony  I     [P:D:732909|649]recv
06-02 14:33:25.867   14924-14924   C04213/com.flow...InputKeyFlow  com.flowdesk.harmony  I     HandleInputEvent: eid:4,InputId:732909,wid:1036,ac:2
06-02 14:33:25.867   14924-14924   C03951/com.flow...InputKeyFlow  com.flowdesk.harmony  I     [(100000:100000:scope)] ITK Id:732909, fId:0, T:0, I=0, M=0
06-02 14:33:25.868   14924-14924   C03951/com.flow...InputKeyFlow  com.flowdesk.harmony  I     [(100000:100000:scope)] ITK Id:732909, TTHNI:fId: 0{ T: Column, D: 7 };{ T: Button, D: 11 };
06-02 14:33:25.868   14924-14924   C03951/com.flow...InputKeyFlow  com.flowdesk.harmony  I     [(100000:100000:scope)] ITK Id:732909, TTHRTI: T ClickRecognizer info: { T: Button }; { T: Column };
06-02 14:33:25.868   14924-14924   C03945/com.flo...AceStateStyle  com.flowdesk.harmony  I     [(100000:100000:scope)] Handle TouchDown event node: Button
06-02 14:33:25.869   14924-14924   C03919/com.flo...InputTracking  com.flowdesk.harmony  I     [(100000:100000:scope)] Consumed id:732909, last id:732907
06-02 14:33:25.869   14924-14924   C04213/com.flow...InputKeyFlow  com.flowdesk.harmony  I     ConsumePointerEventInner: InputId:732909,wid:1036,pointId:0,srcType:2,rect:[0,0,1316,2832],notify:1
06-02 14:33:25.869   14924-14924   C02805/com.flow...InputKeyFlow  com.flowdesk.harmony  I     [P:M:732910|247]ac: move: 732910
06-02 14:33:25.931   14924-14924   C02805/com.flow...InputKeyFlow  com.flowdesk.harmony  I     [P:U:732919|247]ac: move, first: 732911-(2026-06-02 14:33:25.872ms), 732918, count: 8, last: ac: up: 732919
06-02 14:33:25.931   14924-14924   C02805/com.flow...InputKeyFlow  com.flowdesk.harmony  I     [P:U:732919|649]recv
06-02 14:33:25.931   14924-14924   C04213/com.flow...InputKeyFlow  com.flowdesk.harmony  I     HandleInputEvent: eid:5,InputId:732919,wid:1036,ac:4
06-02 14:33:25.933   14924-14924   C03951/com.flow...InputKeyFlow  com.flowdesk.harmony  I     [(100000:100000:scope)] ITK Id:732919, fId:0, T:1, I=0, M=0
06-02 14:33:25.933   14924-14924   C03934/com.flo...ny/AceUIEvent  com.flowdesk.harmony  I     [(100000:100000:scope)] TpFlush end by up event
06-02 14:33:25.933   14924-14924   C03945/com.flo...AceStateStyle  com.flowdesk.harmony  I     [(100000:100000:scope)] Handle TouchUp or Cancel event node: Button
06-02 14:33:25.934   14924-14924   C0391E/com.flo...ny/AceGesture  com.flowdesk.harmony  I     [(100000:100000:scope)] Click try accept Button
06-02 14:33:25.934   14924-14924   C03951/com.flow...InputKeyFlow  com.flowdesk.harmony  I     [(100000:100000:scope)] CLK RACC, T: Button
06-02 14:33:25.935   14924-14924   C05506/com.flo...viceExtension  com.flowdesk.harmony  I     [StartScanUIExtensionAbility:188] StartScanUIExtensionAbility begin
06-02 14:33:25.935   14924-14924   C05506/com.flo...viceExtension  com.flowdesk.harmony  I     [SetDefaultOptions:94] begin SetDefaultOptions
06-02 14:33:25.935   14924-14924   C05506/com.flo...viceExtension  com.flowdesk.harmony  I     [ParseAbilityContextReq:24] begin ParseAbilityContextReq
06-02 14:33:25.935   14924-14924   C05506/com.flo...viceExtension  com.flowdesk.harmony  I     [ParseAbilityContextReq:45] end ParseAbilityContextReq
06-02 14:33:25.935   14924-14924   C05506/com.flo...viceExtension  com.flowdesk.harmony  I     [ExecuteStartScanCenter:175] begin ExecuteStartScanCenter
06-02 14:33:25.935   14924-14924   C05506/com.flo...viceExtension  com.flowdesk.harmony  I     [StartUIExtensionAbility:300] begin StartUIExtensionAbility
06-02 14:33:25.935   14924-14924   C05506/com.flo...viceExtension  com.flowdesk.harmony  I     [ModalUICallback:22] constructor ModalUICallback
06-02 14:33:25.935   14924-14924   C05506/com.flo...viceExtension  com.flowdesk.harmony  I     [StartUIExtensionAbility:328] get uiContext by ability context
06-02 14:33:25.936   14924-14924   C0392A/com.flo...sionComponent  com.flowdesk.harmony  I     [(100000:100000:scope)] [@145][ID: 1] The modal UIExtension is created.
06-02 14:33:25.936   14924-14924   C0392A/com.flo...sionComponent  com.flowdesk.harmony  I     [(100000:100000:scope)] Create UIExtensionNode
06-02 14:33:25.936   14924-14924   C0392A/com.flo...sionComponent  com.flowdesk.harmony  I     [(100000:100000:scope)] [@1080][ID: 1] RegisterPipelineEvent
06-02 14:33:25.936   14924-14924   C0392A/com.flo...sionComponent  com.flowdesk.harmony  I     [(100000:100000:scope)] [@1032][ID: 1] OnAttachToFrameNode
06-02 14:33:25.936   14924-14924   C0392A/com.flo...sionComponent  com.flowdesk.harmony  I     [(100000:100000:scope)] [@549][ID: 1] The current state is 'NONE' when UpdateWant, needCheck: '0'.
06-02 14:33:25.937   14924-14924   C0392A/com.flo...sionComponent  com.flowdesk.harmony  I     [(100000:100000:scope)] [@576][ID: 1] The ability KeyAsync 0, uIExtensionUsage: 0.
06-02 14:33:25.937   14924-14924   C0392A/com.flo...sionComponent  com.flowdesk.harmony  I     [(100000:100000:scope)] [@656][ID: 1] The session is created with bundle=com.huawei.hms.scanservice, ability=ScanUIExtAbility, componentId=68, sessionType=1.
06-02 14:33:25.937   14924-14924   C04217/com.flow...WMSAttribute  com.flowdesk.harmony  I     GetExtensionConfig: waterfall: 0, winId: 1036
06-02 14:33:25.937   14924-14924   C04209/com.flo...rmony/WMSImms  com.flowdesk.harmony  I     GetGestureBackEnabled: win 1036 enable 1
06-02 14:33:25.937   14924-14924   C0392A/com.flo...sionComponent  com.flowdesk.harmony  I     [(100000:100000:scope)] [@699][ID: 1] Want param isNotifyOccupiedAreaChange is 1, realHostWindowId: 1036, parentWindowType: 1
06-02 14:33:25.940   14924-17147   C0420A/com.flo...rmony/WMSLife  com.flowdesk.harmony  I     GeneratePersistentId: persistentId: 0, persistentId_: 1134870530
06-02 14:33:25.940   14924-17147   C0420D/com.flo...mony/WMSUiext  com.flowdesk.harmony  I     persistentId: 1134870530, bundleName: com.huawei.hms.scanservice, moduleName: , abilityName: ScanUIExtAbility, isDensityFollowHost_: 0, density_: 3.500000
06-02 14:33:25.941   14924-14924   C0392A/com.flo...sionComponent  com.flowdesk.harmony  I     [(100000:100000:scope)] [@969][ID: 1] The state is changing from 'NONE' to 'FOREGROUND'.
06-02 14:33:25.941   14924-14924   C0392A/com.flo...sionComponent  com.flowdesk.harmony  I     [(100000:100000:scope)] [@1034][ID: 1] NotifyForeground, persistentid = 1134870530, hostWindowId = 1036, windowSceneId = -1, IsSceneBoardWindow: 0, componentId=68.
06-02 14:33:25.941   14924-14924   C04217/com.flow...WMSAttribute  com.flowdesk.harmony  I     GetExtensionConfig: waterfall: 0, winId: 1036
06-02 14:33:25.941   14924-14924   C04209/com.flo...rmony/WMSImms  com.flowdesk.harmony  I     GetGestureBackEnabled: win 1036 enable 1
06-02 14:33:25.941   14924-17147   C0420D/com.flo...mony/WMSUiext  com.flowdesk.harmony  I     Activate session, id=1134870530
06-02 14:33:25.942   14924-14924   C0392A/com.flo...sionComponent  com.flowdesk.harmony  I     [(100000:100000:scope)] [@307][ID: 1] OnAttachContext newInstanceId: 100000, oldInstanceId: 100000, isMoving: 0, detachContextHappened: 0.
06-02 14:33:25.942   14924-14924   C0392A/com.flo...sionComponent  com.flowdesk.harmony  I     [(100000:100000:scope)] [@269][ID: 1] OnAttachToMainTree, isMoving: 0
06-02 14:33:25.942   14924-14924   C0390D/com.flo...ny/AceOverlay  com.flowdesk.harmony  I     [(100000:100000:scope)] modalNode->GetParent() 0 mark IsProhibitedAddChildNode when sessionId -1134870530,prohibitedRemoveByRouter: 0, isAllowAddChildBelowModalUec: 0.
06-02 14:33:25.942   14924-14924   C0391C/com.flo...mony/AceFocus  com.flowdesk.harmony  I     [(100000:100000:scope)] view: ModalPage/69 show
06-02 14:33:25.942   14924-14924   C0391C/com.flo...mony/AceFocus  com.flowdesk.harmony  I     [(100000:100000:scope)] View: page/2 lost focus
06-02 14:33:25.942   14924-14924   C0391C/com.flo...mony/AceFocus  com.flowdesk.harmony  I     [(100000:100000:scope)] Scope(Stack/5) has no last focusNode.
06-02 14:33:25.942   14924-14924   C03922/com.flo...AceNavigation  com.flowdesk.harmony  I     [(100000:100000:scope)] can't find inner navigation
06-02 14:33:25.942   14924-14924   C0392A/com.flo...sionComponent  com.flowdesk.harmony  I     [(100000:100000:scope)] [com.flowdesk.harmony][entry][100000]: create modal page, sessionId=1134870530, isProhibitBack=0, isAsyncModalBinding=0, isAllowedBeCovered=0, prohibitedRemoveByRouter=0, isAllowAddChildBelowModalUec=0, prohibitedRemoveByNavigation=1
06-02 14:33:25.942   14924-14924   C05506/com.flo...viceExtension  com.flowdesk.harmony  I     [StartUIExtensionAbility:350] end StartUIExtensionAbility
06-02 14:33:25.942   14924-14924   C05506/com.flo...viceExtension  com.flowdesk.harmony  I     [ExecuteStartScanCenter:183] end ExecuteStartScanCenter
06-02 14:33:25.942   14924-14924   C05506/com.flo...viceExtension  com.flowdesk.harmony  I     [StartScanUIExtensionAbility:258] end StartScanUIExtensionAbility
06-02 14:33:25.942   14924-14924   C03919/com.flo...InputTracking  com.flowdesk.harmony  I     [(100000:100000:scope)] Consumed id:732919, last id:732918
06-02 14:33:25.942   14924-14924   C04213/com.flow...InputKeyFlow  com.flowdesk.harmony  I     ConsumePointerEventInner: InputId:732919,wid:1036,pointId:0,srcType:2,rect:[0,0,1316,2832],notify:1
06-02 14:33:25.943   14924-14924   C0392A/com.flo...sionComponent  com.flowdesk.harmony  I     [(100000:100000:scope)] [@1312][ID: 1] NotifyDisplayArea displayArea=RectT (0.00, 0.00) - [1316.00 x 2832.00], curWindow=Rect (0.00, 0.00) - [1316.00 x 2832.00], reason=0, duration=0, persistentId=1134870530, componentId=68.
06-02 14:33:25.943   14924-14924   C0391C/com.flo...mony/AceFocus  com.flowdesk.harmony  I     [(100000:100000:scope)] Request focus on focusView: ModalPage/69.
06-02 14:33:25.943   14924-14924   C0391C/com.flo...mony/AceFocus  com.flowdesk.harmony  I     [(100000:100000:scope)] FocusSwitch end, Stack/secure_field onBlur, ModalPage/secure_field onFocus, start: 2, end: 1, update: 2
06-02 14:33:25.943   14924-14924   C03933/com.flo...y/AceKeyboard  com.flowdesk.harmony  I     [(100000:100000:scope)] current focus node: (ModalPage/69). isDynamic: 0
06-02 14:33:25.943   14924-14924   C03933/com.flo...y/AceKeyboard  com.flowdesk.harmony  I     [(100000:100000:scope)] FrameNode(ModalPage/69) notNeedSoftKeyboard.
06-02 14:33:25.952   14924-17147   C0420D/com.flo...mony/WMSUiext  com.flowdesk.harmony  I     Activate ret:0, persistentId:1134870530
06-02 14:33:26.090   14924-14980   C01406/com.flo...mony/OHOS::RS  com.flowdesk.harmony  I     RSSurfaceNode::Unmarshalling, Node: 72322954297346, Name: com.huawei.hms.scanserviceScanUIExtAbility
06-02 14:33:26.090   14924-17147   C0420A/com.flo...rmony/WMSLife  com.flowdesk.harmony  I     ConnectInner: [id: 1134870530] state: 0,isTerminating:0, callingPid:16839, disableDelegator:0
06-02 14:33:26.090   14924-17147   C04204/com.flo...armony/WMSScb  com.flowdesk.harmony  I     GetRSUIContext: : RSUIContext is null, sessionId: 1134870530, screenId:18446744073709551615
06-02 14:33:26.090   14924-17147   C04204/com.flo...armony/WMSScb  com.flowdesk.harmony  E     SetRSUIContext: RSUIContext is null, RSNode [id: 72322954297346], RSUIContext is null
06-02 14:33:26.090   14924-17147   C04202/com.flo...rmony/WMSMain  com.flowdesk.harmony  I     InitSessionPropertyWhenConnect: [id: 1134870530] requestedOrientation: 0, defaultRequestedOrientation: 0, userRequestedOrientation: 0
06-02 14:33:26.090   14924-17147   C0420C/com.flo...mony/WMSEvent  com.flowdesk.harmony  I     SetCallingPid: id:1134870530, 16839
06-02 14:33:26.090   14924-17147   C0420A/com.flo...rmony/WMSLife  com.flowdesk.harmony  I     sessionStateChangeFunc is null
06-02 14:33:26.090   14924-17147   C0420A/com.flo...rmony/WMSLife  com.flowdesk.harmony  I     sessionStateChangeNotifyManagerFunc is null
06-02 14:33:26.092   14924-17147   C04201/com.flo...k.harmony/DMS  com.flowdesk.harmony  E     GetScreenSession: Error found screen session with id: 18446744073709551615
06-02 14:33:26.092   14924-17147   C0420A/com.flo...rmony/WMSLife  com.flowdesk.harmony  I     ConnectInner: set session id 1134870530 disableDelegator 0
06-02 14:33:26.092   14924-14924   C0392A/com.flo...sionComponent  com.flowdesk.harmony  I     [(-2:100000:singleton)] [@671][ID: 1] The session is connected and the current state is 'FOREGROUND'.
06-02 14:33:26.092   14924-14924   C0392A/com.flo...sionComponent  com.flowdesk.harmony  I     [(100000:100000:scope)] [@1584][ID: 1] OnRemoteReady the current state is 'FOREGROUND'.
06-02 14:33:26.092   14924-14924   C0391C/com.flo...mony/AceFocus  com.flowdesk.harmony  I     [(100000:100000:scope)] UIExtensionComponent/secure_field RequestFocusImmediatelyFromModalUEC isOnMainTree:1
06-02 14:33:26.092   14924-14924   C0392A/com.flo...sionComponent  com.flowdesk.harmony  I     [(100000:100000:scope)] [@922][ID: 1] focused state notified to uiextension, persistentid = 1134870530, componentId=68.
06-02 14:33:26.092   14924-14924   C0391C/com.flo...mony/AceFocus  com.flowdesk.harmony  I     [(100000:100000:scope)] FocusSwitch end, ModalPage/secure_field onBlur, UIExtensionComponent/secure_field onFocus, start: 2, end: 1, update: 2
